Component: ARM Compiler 5.05 update 1 (build 106) Tool: armlink [4d0efa]

==============================================================================

Section Cross References

    display.o(.text) refers to hv57708.o(.text) for HV57708_Init
    display.o(.text) refers to display.o(.constdata) for numbers
    display.o(.text) refers to main.o(.data) for hour
    main.o(.text) refers to display.o(.text) for displayInit
    main.o(.text) refers to delay.o(.text) for delay_init
    main.o(.text) refers to i2c.o(.text) for IIC_Config
    main.o(.text) refers to usart1.o(.text) for USART1_Config
    main.o(.text) refers to ds3231.o(.text) for Time_Handle
    main.o(.text) refers to ds3231.o(.data) for Display_Time
    main.o(.text) refers to main.o(.data) for hour
    delay.o(.text) refers to delay.o(.data) for fac_us
    usart1.o(.text) refers to stm32f10x_rcc.o(.text) for RCC_APB2PeriphClockCmd
    usart1.o(.text) refers to stm32f10x_gpio.o(.text) for GPIO_Init
    usart1.o(.text) refers to stm32f10x_usart.o(.text) for USART_Init
    i2c.o(.text) refers to stm32f10x_rcc.o(.text) for RCC_APB2PeriphClockCmd
    i2c.o(.text) refers to stm32f10x_gpio.o(.text) for GPIO_Init
    i2c.o(.text) refers to delay.o(.text) for delay_us
    ds3231.o(.text) refers to i2c.o(.text) for IIC_Start
    ds3231.o(.text) refers to fflt_clz.o(x$fpl$ffltu) for __aeabi_ui2f
    ds3231.o(.text) refers to fmul.o(x$fpl$fmul) for __aeabi_fmul
    ds3231.o(.text) refers to ffixu.o(x$fpl$ffixu) for __aeabi_f2uiz
    ds3231.o(.text) refers to ds3231.o(.data) for TimeValue
    hv57708.o(.text) refers to stm32f10x_rcc.o(.text) for RCC_APB2PeriphClockCmd
    hv57708.o(.text) refers to stm32f10x_gpio.o(.text) for GPIO_PinRemapConfig
    hv57708.o(.text) refers to hv57708.o(.data) for GPIO_InitStructure
    system_stm32f10x.o(.text) refers to system_stm32f10x.o(.data) for SystemCoreClock
    startup_stm32f10x_md.o(STACK) refers (Special) to heapauxi.o(.text) for __use_two_region_memory
    startup_stm32f10x_md.o(HEAP) refers (Special) to heapauxi.o(.text) for __use_two_region_memory
    startup_stm32f10x_md.o(RESET) refers (Special) to heapauxi.o(.text) for __use_two_region_memory
    startup_stm32f10x_md.o(RESET) refers to startup_stm32f10x_md.o(STACK) for __initial_sp
    startup_stm32f10x_md.o(RESET) refers to startup_stm32f10x_md.o(.text) for Reset_Handler
    startup_stm32f10x_md.o(RESET) refers to stm32f10x_it.o(.text) for NMI_Handler
    startup_stm32f10x_md.o(.text) refers (Special) to heapauxi.o(.text) for __use_two_region_memory
    startup_stm32f10x_md.o(.text) refers to system_stm32f10x.o(.text) for SystemInit
    startup_stm32f10x_md.o(.text) refers to __main.o(!!!main) for __main
    startup_stm32f10x_md.o(.text) refers to startup_stm32f10x_md.o(HEAP) for Heap_Mem
    startup_stm32f10x_md.o(.text) refers to startup_stm32f10x_md.o(STACK) for Stack_Mem
    stm32f10x_adc.o(.text) refers to stm32f10x_rcc.o(.text) for RCC_APB2PeriphResetCmd
    stm32f10x_bkp.o(.text) refers to stm32f10x_rcc.o(.text) for RCC_BackupResetCmd
    stm32f10x_can.o(.text) refers to stm32f10x_rcc.o(.text) for RCC_APB1PeriphResetCmd
    stm32f10x_cec.o(.text) refers to stm32f10x_rcc.o(.text) for RCC_APB1PeriphResetCmd
    stm32f10x_dac.o(.text) refers to stm32f10x_rcc.o(.text) for RCC_APB1PeriphResetCmd
    stm32f10x_gpio.o(.text) refers to stm32f10x_rcc.o(.text) for RCC_APB2PeriphResetCmd
    stm32f10x_i2c.o(.text) refers to stm32f10x_rcc.o(.text) for RCC_APB1PeriphResetCmd
    stm32f10x_pwr.o(.text) refers to stm32f10x_rcc.o(.text) for RCC_APB1PeriphResetCmd
    stm32f10x_rcc.o(.text) refers to stm32f10x_rcc.o(.data) for APBAHBPrescTable
    stm32f10x_spi.o(.text) refers to stm32f10x_rcc.o(.text) for RCC_APB2PeriphResetCmd
    stm32f10x_tim.o(.text) refers to stm32f10x_rcc.o(.text) for RCC_APB2PeriphResetCmd
    stm32f10x_usart.o(.text) refers to stm32f10x_rcc.o(.text) for RCC_APB2PeriphResetCmd
    stm32f10x_wwdg.o(.text) refers to stm32f10x_rcc.o(.text) for RCC_APB1PeriphResetCmd
    __main.o(!!!main) refers to __rtentry.o(.ARM.Collect$$rtentry$$00000000) for __rt_entry
    ffixu.o(x$fpl$ffixu) refers (Special) to usenofp.o(x$fpl$usenofp) for __I$use$fp
    ffixu.o(x$fpl$ffixu) refers to fnaninf.o(x$fpl$fnaninf) for __fpl_fnaninf
    ffixu.o(x$fpl$ffixur) refers (Special) to usenofp.o(x$fpl$usenofp) for __I$use$fp
    ffixu.o(x$fpl$ffixur) refers to fnaninf.o(x$fpl$fnaninf) for __fpl_fnaninf
    fflt_clz.o(x$fpl$ffltu) refers (Special) to usenofp.o(x$fpl$usenofp) for __I$use$fp
    fflt_clz.o(x$fpl$fflt) refers (Special) to usenofp.o(x$fpl$usenofp) for __I$use$fp
    fflt_clz.o(x$fpl$ffltn) refers (Special) to usenofp.o(x$fpl$usenofp) for __I$use$fp
    fmul.o(x$fpl$fmul) refers (Special) to usenofp.o(x$fpl$usenofp) for __I$use$fp
    fmul.o(x$fpl$fmul) refers to fretinf.o(x$fpl$fretinf) for __fpl_fretinf
    fmul.o(x$fpl$fmul) refers to fnaninf.o(x$fpl$fnaninf) for __fpl_fnaninf
    __rtentry.o(.ARM.Collect$$rtentry$$00000000) refers (Special) to __rtentry2.o(.ARM.Collect$$rtentry$$0000000A) for __rt_entry_li
    __rtentry.o(.ARM.Collect$$rtentry$$00000000) refers (Special) to __rtentry2.o(.ARM.Collect$$rtentry$$0000000D) for __rt_entry_main
    __rtentry.o(.ARM.Collect$$rtentry$$00000000) refers (Special) to __rtentry2.o(.ARM.Collect$$rtentry$$0000000C) for __rt_entry_postli_1
    __rtentry.o(.ARM.Collect$$rtentry$$00000000) refers (Special) to __rtentry2.o(.ARM.Collect$$rtentry$$00000009) for __rt_entry_postsh_1
    __rtentry.o(.ARM.Collect$$rtentry$$00000000) refers (Special) to __rtentry2.o(.ARM.Collect$$rtentry$$00000002) for __rt_entry_presh_1
    __rtentry.o(.ARM.Collect$$rtentry$$00000000) refers (Special) to __rtentry4.o(.ARM.Collect$$rtentry$$00000004) for __rt_entry_sh
    fnaninf.o(x$fpl$fnaninf) refers (Special) to usenofp.o(x$fpl$usenofp) for __I$use$fp
    fretinf.o(x$fpl$fretinf) refers (Special) to usenofp.o(x$fpl$usenofp) for __I$use$fp
    __rtentry2.o(.ARM.Collect$$rtentry$$00000008) refers to boardinit2.o(.text) for _platform_post_stackheap_init
    __rtentry2.o(.ARM.Collect$$rtentry$$0000000A) refers to libinit.o(.ARM.Collect$$libinit$$00000000) for __rt_lib_init
    __rtentry2.o(.ARM.Collect$$rtentry$$0000000B) refers to boardinit3.o(.text) for _platform_post_lib_init
    __rtentry2.o(.ARM.Collect$$rtentry$$0000000D) refers to main.o(.text) for main
    __rtentry2.o(.ARM.Collect$$rtentry$$0000000D) refers to exit.o(.text) for exit
    __rtentry2.o(.ARM.exidx) refers to __rtentry2.o(.ARM.Collect$$rtentry$$00000001) for .ARM.Collect$$rtentry$$00000001
    __rtentry2.o(.ARM.exidx) refers to __rtentry2.o(.ARM.Collect$$rtentry$$00000008) for .ARM.Collect$$rtentry$$00000008
    __rtentry2.o(.ARM.exidx) refers to __rtentry2.o(.ARM.Collect$$rtentry$$0000000A) for .ARM.Collect$$rtentry$$0000000A
    __rtentry2.o(.ARM.exidx) refers to __rtentry2.o(.ARM.Collect$$rtentry$$0000000B) for .ARM.Collect$$rtentry$$0000000B
    __rtentry2.o(.ARM.exidx) refers to __rtentry2.o(.ARM.Collect$$rtentry$$0000000D) for .ARM.Collect$$rtentry$$0000000D
    __rtentry4.o(.ARM.Collect$$rtentry$$00000004) refers to sys_stackheap_outer.o(.text) for __user_setup_stackheap
    __rtentry4.o(.ARM.exidx) refers to __rtentry4.o(.ARM.Collect$$rtentry$$00000004) for .ARM.Collect$$rtentry$$00000004
    sys_stackheap_outer.o(.text) refers to libspace.o(.text) for __user_perproc_libspace
    sys_stackheap_outer.o(.text) refers to startup_stm32f10x_md.o(.text) for __user_initial_stackheap
    exit.o(.text) refers to rtexit.o(.ARM.Collect$$rtexit$$00000000) for __rt_exit
    libinit.o(.ARM.Collect$$libinit$$00000000) refers (Special) to libinit2.o(.ARM.Collect$$libinit$$0000002E) for __rt_lib_init_alloca_1
    libinit.o(.ARM.Collect$$libinit$$00000000) refers (Special) to libinit2.o(.ARM.Collect$$libinit$$0000002C) for __rt_lib_init_argv_1
    libinit.o(.ARM.Collect$$libinit$$00000000) refers (Special) to libinit2.o(.ARM.Collect$$libinit$$0000001B) for __rt_lib_init_atexit_1
    libinit.o(.ARM.Collect$$libinit$$00000000) refers (Special) to libinit2.o(.ARM.Collect$$libinit$$00000021) for __rt_lib_init_clock_1
    libinit.o(.ARM.Collect$$libinit$$00000000) refers (Special) to libinit2.o(.ARM.Collect$$libinit$$00000032) for __rt_lib_init_cpp_1
    libinit.o(.ARM.Collect$$libinit$$00000000) refers (Special) to libinit2.o(.ARM.Collect$$libinit$$00000030) for __rt_lib_init_exceptions_1
    libinit.o(.ARM.Collect$$libinit$$00000000) refers (Special) to libinit2.o(.ARM.Collect$$libinit$$00000002) for __rt_lib_init_fp_1
    libinit.o(.ARM.Collect$$libinit$$00000000) refers (Special) to libinit2.o(.ARM.Collect$$libinit$$0000001F) for __rt_lib_init_fp_trap_1
    libinit.o(.ARM.Collect$$libinit$$00000000) refers (Special) to libinit2.o(.ARM.Collect$$libinit$$00000023) for __rt_lib_init_getenv_1
    libinit.o(.ARM.Collect$$libinit$$00000000) refers (Special) to libinit2.o(.ARM.Collect$$libinit$$0000000A) for __rt_lib_init_heap_1
    libinit.o(.ARM.Collect$$libinit$$00000000) refers (Special) to libinit2.o(.ARM.Collect$$libinit$$00000011) for __rt_lib_init_lc_collate_1
    libinit.o(.ARM.Collect$$libinit$$00000000) refers (Special) to libinit2.o(.ARM.Collect$$libinit$$00000013) for __rt_lib_init_lc_ctype_1
    libinit.o(.ARM.Collect$$libinit$$00000000) refers (Special) to libinit2.o(.ARM.Collect$$libinit$$00000015) for __rt_lib_init_lc_monetary_1
    libinit.o(.ARM.Collect$$libinit$$00000000) refers (Special) to libinit2.o(.ARM.Collect$$libinit$$00000017) for __rt_lib_init_lc_numeric_1
    libinit.o(.ARM.Collect$$libinit$$00000000) refers (Special) to libinit2.o(.ARM.Collect$$libinit$$00000019) for __rt_lib_init_lc_time_1
    libinit.o(.ARM.Collect$$libinit$$00000000) refers (Special) to libinit2.o(.ARM.Collect$$libinit$$00000004) for __rt_lib_init_preinit_1
    libinit.o(.ARM.Collect$$libinit$$00000000) refers (Special) to libinit2.o(.ARM.Collect$$libinit$$0000000E) for __rt_lib_init_rand_1
    libinit.o(.ARM.Collect$$libinit$$00000000) refers (Special) to libinit2.o(.ARM.Collect$$libinit$$00000033) for __rt_lib_init_return
    libinit.o(.ARM.Collect$$libinit$$00000000) refers (Special) to libinit2.o(.ARM.Collect$$libinit$$0000001D) for __rt_lib_init_signal_1
    libinit.o(.ARM.Collect$$libinit$$00000000) refers (Special) to libinit2.o(.ARM.Collect$$libinit$$00000025) for __rt_lib_init_stdio_1
    libinit.o(.ARM.Collect$$libinit$$00000000) refers (Special) to libinit2.o(.ARM.Collect$$libinit$$0000000C) for __rt_lib_init_user_alloc_1
    libspace.o(.text) refers to libspace.o(.bss) for __libspace_start
    rtexit.o(.ARM.Collect$$rtexit$$00000000) refers (Special) to rtexit2.o(.ARM.Collect$$rtexit$$00000004) for __rt_exit_exit
    rtexit.o(.ARM.Collect$$rtexit$$00000000) refers (Special) to rtexit2.o(.ARM.Collect$$rtexit$$00000003) for __rt_exit_ls
    rtexit.o(.ARM.Collect$$rtexit$$00000000) refers (Special) to rtexit2.o(.ARM.Collect$$rtexit$$00000002) for __rt_exit_prels_1
    rtexit.o(.ARM.exidx) refers (Special) to rtexit2.o(.ARM.Collect$$rtexit$$00000004) for __rt_exit_exit
    rtexit.o(.ARM.exidx) refers (Special) to rtexit2.o(.ARM.Collect$$rtexit$$00000003) for __rt_exit_ls
    rtexit.o(.ARM.exidx) refers (Special) to rtexit2.o(.ARM.Collect$$rtexit$$00000002) for __rt_exit_prels_1
    rtexit.o(.ARM.exidx) refers to rtexit.o(.ARM.Collect$$rtexit$$00000000) for .ARM.Collect$$rtexit$$00000000
    libinit2.o(.ARM.Collect$$libinit$$00000010) refers to libinit2.o(.ARM.Collect$$libinit$$0000000F) for .ARM.Collect$$libinit$$0000000F
    libinit2.o(.ARM.Collect$$libinit$$00000012) refers to libinit2.o(.ARM.Collect$$libinit$$0000000F) for .ARM.Collect$$libinit$$0000000F
    libinit2.o(.ARM.Collect$$libinit$$00000014) refers to libinit2.o(.ARM.Collect$$libinit$$0000000F) for .ARM.Collect$$libinit$$0000000F
    libinit2.o(.ARM.Collect$$libinit$$00000016) refers to libinit2.o(.ARM.Collect$$libinit$$0000000F) for .ARM.Collect$$libinit$$0000000F
    libinit2.o(.ARM.Collect$$libinit$$00000018) refers to libinit2.o(.ARM.Collect$$libinit$$0000000F) for .ARM.Collect$$libinit$$0000000F
    libinit2.o(.ARM.Collect$$libinit$$00000026) refers to argv_veneer.o(.emb_text) for __ARM_argv_veneer
    libinit2.o(.ARM.Collect$$libinit$$00000027) refers to argv_veneer.o(.emb_text) for __ARM_argv_veneer
    rtexit2.o(.ARM.Collect$$rtexit$$00000003) refers to libshutdown.o(.ARM.Collect$$libshutdown$$00000000) for __rt_lib_shutdown
    rtexit2.o(.ARM.Collect$$rtexit$$00000004) refers to sys_exit.o(.text) for _sys_exit
    rtexit2.o(.ARM.exidx) refers to rtexit2.o(.ARM.Collect$$rtexit$$00000001) for .ARM.Collect$$rtexit$$00000001
    rtexit2.o(.ARM.exidx) refers to rtexit2.o(.ARM.Collect$$rtexit$$00000003) for .ARM.Collect$$rtexit$$00000003
    rtexit2.o(.ARM.exidx) refers to rtexit2.o(.ARM.Collect$$rtexit$$00000004) for .ARM.Collect$$rtexit$$00000004
    argv_veneer.o(.emb_text) refers to no_argv.o(.text) for __ARM_get_argv
    sys_exit.o(.text) refers (Special) to use_no_semi.o(.text) for __I$use$semihosting
    sys_exit.o(.text) refers (Special) to indicate_semi.o(.text) for __semihosting_library_function
    _get_argv_nomalloc.o(.text) refers (Special) to hrguard.o(.text) for __heap_region$guard
    _get_argv_nomalloc.o(.text) refers to defsig_rtmem_outer.o(.text) for __rt_SIGRTMEM
    _get_argv_nomalloc.o(.text) refers to sys_command.o(.text) for _sys_command_string
    libshutdown.o(.ARM.Collect$$libshutdown$$00000000) refers (Special) to libshutdown2.o(.ARM.Collect$$libshutdown$$00000006) for __rt_lib_shutdown_fp_trap_1
    libshutdown.o(.ARM.Collect$$libshutdown$$00000000) refers (Special) to libshutdown2.o(.ARM.Collect$$libshutdown$$0000000E) for __rt_lib_shutdown_heap_1
    libshutdown.o(.ARM.Collect$$libshutdown$$00000000) refers (Special) to libshutdown2.o(.ARM.Collect$$libshutdown$$0000000F) for __rt_lib_shutdown_return
    libshutdown.o(.ARM.Collect$$libshutdown$$00000000) refers (Special) to libshutdown2.o(.ARM.Collect$$libshutdown$$00000009) for __rt_lib_shutdown_signal_1
    libshutdown.o(.ARM.Collect$$libshutdown$$00000000) refers (Special) to libshutdown2.o(.ARM.Collect$$libshutdown$$00000003) for __rt_lib_shutdown_stdio_1
    libshutdown.o(.ARM.Collect$$libshutdown$$00000000) refers (Special) to libshutdown2.o(.ARM.Collect$$libshutdown$$0000000B) for __rt_lib_shutdown_user_alloc_1
    sys_command.o(.text) refers (Special) to use_no_semi.o(.text) for __I$use$semihosting
    sys_command.o(.text) refers (Special) to indicate_semi.o(.text) for __semihosting_library_function
    defsig_rtmem_outer.o(.text) refers to defsig_rtmem_inner.o(.text) for __rt_SIGRTMEM_inner
    defsig_rtmem_outer.o(.text) refers to defsig_exit.o(.text) for __sig_exit
    defsig_rtmem_formal.o(.text) refers to rt_raise.o(.text) for __rt_raise
    rt_raise.o(.text) refers to __raise.o(.text) for __raise
    rt_raise.o(.text) refers to sys_exit.o(.text) for _sys_exit
    defsig_exit.o(.text) refers to sys_exit.o(.text) for _sys_exit
    defsig_rtmem_inner.o(.text) refers to defsig_general.o(.text) for __default_signal_display
    __raise.o(.text) refers to defsig.o(CL$$defsig) for __default_signal_handler
    defsig_general.o(.text) refers to sys_wrch.o(.text) for _ttywrch
    sys_wrch.o(.text) refers (Special) to use_no_semi.o(.text) for __I$use$semihosting
    sys_wrch.o(.text) refers (Special) to indicate_semi.o(.text) for __semihosting_library_function
    defsig.o(CL$$defsig) refers to defsig_rtmem_inner.o(.text) for __rt_SIGRTMEM_inner
    defsig_abrt_inner.o(.text) refers to defsig_general.o(.text) for __default_signal_display
    defsig_fpe_inner.o(.text) refers to defsig_general.o(.text) for __default_signal_display
    defsig_rtred_inner.o(.text) refers to defsig_general.o(.text) for __default_signal_display
    defsig_stak_inner.o(.text) refers to defsig_general.o(.text) for __default_signal_display
    defsig_pvfn_inner.o(.text) refers to defsig_general.o(.text) for __default_signal_display
    defsig_cppl_inner.o(.text) refers to defsig_general.o(.text) for __default_signal_display
    defsig_segv_inner.o(.text) refers to defsig_general.o(.text) for __default_signal_display
    defsig_other.o(.text) refers to defsig_general.o(.text) for __default_signal_display


==============================================================================

Removing Unused input sections from the image.

    Removing core_cm3_1.o(.emb_text), (32 bytes).
    Removing misc.o(.text), (220 bytes).
    Removing stm32f10x_adc.o(.text), (1102 bytes).
    Removing stm32f10x_bkp.o(.text), (196 bytes).
    Removing stm32f10x_can.o(.text), (2544 bytes).
    Removing stm32f10x_cec.o(.text), (288 bytes).
    Removing stm32f10x_crc.o(.text), (72 bytes).
    Removing stm32f10x_dac.o(.text), (396 bytes).
    Removing stm32f10x_dbgmcu.o(.text), (48 bytes).
    Removing stm32f10x_dma.o(.text), (596 bytes).
    Removing stm32f10x_exti.o(.text), (284 bytes).
    Removing stm32f10x_flash.o(.text), (1468 bytes).
    Removing stm32f10x_fsmc.o(.text), (1548 bytes).
    Removing stm32f10x_i2c.o(.text), (1028 bytes).
    Removing stm32f10x_iwdg.o(.text), (64 bytes).
    Removing stm32f10x_pwr.o(.text), (204 bytes).
    Removing stm32f10x_rtc.o(.text), (328 bytes).
    Removing stm32f10x_sdio.o(.text), (468 bytes).
    Removing stm32f10x_spi.o(.text), (780 bytes).
    Removing stm32f10x_tim.o(.text), (3610 bytes).
    Removing stm32f10x_wwdg.o(.text), (136 bytes).

21 unused section(s) (total 15412 bytes) removed from the image.

==============================================================================

Image Symbol Table

    Local Symbols

    Symbol Name                              Value     Ov Type        Size  Object(Section)

    ../clib/angel/boardlib.s                 0x00000000   Number         0  boardinit1.o ABSOLUTE
    ../clib/angel/boardlib.s                 0x00000000   Number         0  boardinit3.o ABSOLUTE
    ../clib/angel/boardlib.s                 0x00000000   Number         0  boardshut.o ABSOLUTE
    ../clib/angel/boardlib.s                 0x00000000   Number         0  boardinit2.o ABSOLUTE
    ../clib/angel/handlers.s                 0x00000000   Number         0  __scatter_zi.o ABSOLUTE
    ../clib/angel/handlers.s                 0x00000000   Number         0  __scatter_copy.o ABSOLUTE
    ../clib/angel/kernel.s                   0x00000000   Number         0  __rtentry2.o ABSOLUTE
    ../clib/angel/kernel.s                   0x00000000   Number         0  __rtentry4.o ABSOLUTE
    ../clib/angel/kernel.s                   0x00000000   Number         0  rtexit.o ABSOLUTE
    ../clib/angel/kernel.s                   0x00000000   Number         0  __rtentry.o ABSOLUTE
    ../clib/angel/kernel.s                   0x00000000   Number         0  rtexit2.o ABSOLUTE
    ../clib/angel/rt.s                       0x00000000   Number         0  rt_raise.o ABSOLUTE
    ../clib/angel/scatter.s                  0x00000000   Number         0  __scatter.o ABSOLUTE
    ../clib/angel/startup.s                  0x00000000   Number         0  __main.o ABSOLUTE
    ../clib/angel/sys.s                      0x00000000   Number         0  indicate_semi.o ABSOLUTE
    ../clib/angel/sys.s                      0x00000000   Number         0  sys_stackheap_outer.o ABSOLUTE
    ../clib/angel/sys.s                      0x00000000   Number         0  use_no_semi.o ABSOLUTE
    ../clib/angel/sys.s                      0x00000000   Number         0  libspace.o ABSOLUTE
    ../clib/angel/sysapp.c                   0x00000000   Number         0  sys_wrch.o ABSOLUTE
    ../clib/angel/sysapp.c                   0x00000000   Number         0  sys_exit.o ABSOLUTE
    ../clib/angel/sysapp.c                   0x00000000   Number         0  sys_command.o ABSOLUTE
    ../clib/armsys.c                         0x00000000   Number         0  argv_veneer.o ABSOLUTE
    ../clib/armsys.c                         0x00000000   Number         0  _get_argv_nomalloc.o ABSOLUTE
    ../clib/armsys.c                         0x00000000   Number         0  argv_veneer.o ABSOLUTE
    ../clib/armsys.c                         0x00000000   Number         0  no_argv.o ABSOLUTE
    ../clib/heapalloc.c                      0x00000000   Number         0  hrguard.o ABSOLUTE
    ../clib/heapaux.c                        0x00000000   Number         0  heapauxi.o ABSOLUTE
    ../clib/libinit.s                        0x00000000   Number         0  libshutdown.o ABSOLUTE
    ../clib/libinit.s                        0x00000000   Number         0  libshutdown2.o ABSOLUTE
    ../clib/libinit.s                        0x00000000   Number         0  libinit2.o ABSOLUTE
    ../clib/libinit.s                        0x00000000   Number         0  libinit.o ABSOLUTE
    ../clib/signal.c                         0x00000000   Number         0  defsig_other.o ABSOLUTE
    ../clib/signal.c                         0x00000000   Number         0  defsig_segv_inner.o ABSOLUTE
    ../clib/signal.c                         0x00000000   Number         0  defsig_cppl_inner.o ABSOLUTE
    ../clib/signal.c                         0x00000000   Number         0  defsig_pvfn_inner.o ABSOLUTE
    ../clib/signal.c                         0x00000000   Number         0  defsig_stak_inner.o ABSOLUTE
    ../clib/signal.c                         0x00000000   Number         0  defsig_rtred_inner.o ABSOLUTE
    ../clib/signal.c                         0x00000000   Number         0  defsig_fpe_inner.o ABSOLUTE
    ../clib/signal.c                         0x00000000   Number         0  defsig_abrt_inner.o ABSOLUTE
    ../clib/signal.c                         0x00000000   Number         0  defsig_rtmem_inner.o ABSOLUTE
    ../clib/signal.c                         0x00000000   Number         0  defsig_rtmem_outer.o ABSOLUTE
    ../clib/signal.c                         0x00000000   Number         0  defsig_exit.o ABSOLUTE
    ../clib/signal.c                         0x00000000   Number         0  __raise.o ABSOLUTE
    ../clib/signal.c                         0x00000000   Number         0  defsig_general.o ABSOLUTE
    ../clib/signal.c                         0x00000000   Number         0  defsig_rtmem_formal.o ABSOLUTE
    ../clib/signal.s                         0x00000000   Number         0  defsig.o ABSOLUTE
    ../clib/stdlib.c                         0x00000000   Number         0  exit.o ABSOLUTE
    ../fplib/ffixu.s                         0x00000000   Number         0  ffixu.o ABSOLUTE
    ../fplib/fflt.s                          0x00000000   Number         0  fflt_clz.o ABSOLUTE
    ../fplib/fmul.s                          0x00000000   Number         0  fmul.o ABSOLUTE
    ../fplib/fnaninf.s                       0x00000000   Number         0  fnaninf.o ABSOLUTE
    ../fplib/fpinit.s                        0x00000000   Number         0  fpinit.o ABSOLUTE
    ../fplib/fretinf.s                       0x00000000   Number         0  fretinf.o ABSOLUTE
    ../fplib/usenofp.s                       0x00000000   Number         0  usenofp.o ABSOLUTE
    ..\32f103c8_fwlib\src\misc.c             0x00000000   Number         0  misc.o ABSOLUTE
    ..\32f103c8_fwlib\src\stm32f10x_adc.c    0x00000000   Number         0  stm32f10x_adc.o ABSOLUTE
    ..\32f103c8_fwlib\src\stm32f10x_bkp.c    0x00000000   Number         0  stm32f10x_bkp.o ABSOLUTE
    ..\32f103c8_fwlib\src\stm32f10x_can.c    0x00000000   Number         0  stm32f10x_can.o ABSOLUTE
    ..\32f103c8_fwlib\src\stm32f10x_cec.c    0x00000000   Number         0  stm32f10x_cec.o ABSOLUTE
    ..\32f103c8_fwlib\src\stm32f10x_crc.c    0x00000000   Number         0  stm32f10x_crc.o ABSOLUTE
    ..\32f103c8_fwlib\src\stm32f10x_dac.c    0x00000000   Number         0  stm32f10x_dac.o ABSOLUTE
    ..\32f103c8_fwlib\src\stm32f10x_dbgmcu.c 0x00000000   Number         0  stm32f10x_dbgmcu.o ABSOLUTE
    ..\32f103c8_fwlib\src\stm32f10x_dma.c    0x00000000   Number         0  stm32f10x_dma.o ABSOLUTE
    ..\32f103c8_fwlib\src\stm32f10x_exti.c   0x00000000   Number         0  stm32f10x_exti.o ABSOLUTE
    ..\32f103c8_fwlib\src\stm32f10x_flash.c  0x00000000   Number         0  stm32f10x_flash.o ABSOLUTE
    ..\32f103c8_fwlib\src\stm32f10x_fsmc.c   0x00000000   Number         0  stm32f10x_fsmc.o ABSOLUTE
    ..\32f103c8_fwlib\src\stm32f10x_gpio.c   0x00000000   Number         0  stm32f10x_gpio.o ABSOLUTE
    ..\32f103c8_fwlib\src\stm32f10x_i2c.c    0x00000000   Number         0  stm32f10x_i2c.o ABSOLUTE
    ..\32f103c8_fwlib\src\stm32f10x_iwdg.c   0x00000000   Number         0  stm32f10x_iwdg.o ABSOLUTE
    ..\32f103c8_fwlib\src\stm32f10x_pwr.c    0x00000000   Number         0  stm32f10x_pwr.o ABSOLUTE
    ..\32f103c8_fwlib\src\stm32f10x_rcc.c    0x00000000   Number         0  stm32f10x_rcc.o ABSOLUTE
    ..\32f103c8_fwlib\src\stm32f10x_rtc.c    0x00000000   Number         0  stm32f10x_rtc.o ABSOLUTE
    ..\32f103c8_fwlib\src\stm32f10x_sdio.c   0x00000000   Number         0  stm32f10x_sdio.o ABSOLUTE
    ..\32f103c8_fwlib\src\stm32f10x_spi.c    0x00000000   Number         0  stm32f10x_spi.o ABSOLUTE
    ..\32f103c8_fwlib\src\stm32f10x_tim.c    0x00000000   Number         0  stm32f10x_tim.o ABSOLUTE
    ..\32f103c8_fwlib\src\stm32f10x_usart.c  0x00000000   Number         0  stm32f10x_usart.o ABSOLUTE
    ..\32f103c8_fwlib\src\stm32f10x_wwdg.c   0x00000000   Number         0  stm32f10x_wwdg.o ABSOLUTE
    ..\\core\\core_cm3.c                     0x00000000   Number         0  core_cm3_1.o ABSOLUTE
    ..\core\core_cm3.c                       0x00000000   Number         0  core_cm3_1.o ABSOLUTE
    ..\core\startup_stm32f10x_md.s           0x00000000   Number         0  startup_stm32f10x_md.o ABSOLUTE
    dc.s                                     0x00000000   Number         0  dc.o ABSOLUTE
    hardware\HV57708.c                       0x00000000   Number         0  hv57708.o ABSOLUTE
    program\Display.c                        0x00000000   Number         0  display.o ABSOLUTE
    program\delay.c                          0x00000000   Number         0  delay.o ABSOLUTE
    program\ds3231.c                         0x00000000   Number         0  ds3231.o ABSOLUTE
    program\i2c.c                            0x00000000   Number         0  i2c.o ABSOLUTE
    program\main.c                           0x00000000   Number         0  main.o ABSOLUTE
    program\usart1.c                         0x00000000   Number         0  usart1.o ABSOLUTE
    stm32f10x_it.c                           0x00000000   Number         0  stm32f10x_it.o ABSOLUTE
    system_stm32f10x.c                       0x00000000   Number         0  system_stm32f10x.o ABSOLUTE
    RESET                                    0x08000000   Section      236  startup_stm32f10x_md.o(RESET)
    !!!main                                  0x080000ec   Section        8  __main.o(!!!main)
    !!!scatter                               0x080000f4   Section       52  __scatter.o(!!!scatter)
    !!handler_copy                           0x08000128   Section       26  __scatter_copy.o(!!handler_copy)
    !!handler_zi                             0x08000144   Section       28  __scatter_zi.o(!!handler_zi)
    .ARM.Collect$$libinit$$00000000          0x08000160   Section        2  libinit.o(.ARM.Collect$$libinit$$00000000)
    .ARM.Collect$$libinit$$00000002          0x08000162   Section        0  libinit2.o(.ARM.Collect$$libinit$$00000002)
    .ARM.Collect$$libinit$$00000004          0x08000162   Section        0  libinit2.o(.ARM.Collect$$libinit$$00000004)
    .ARM.Collect$$libinit$$0000000A          0x08000162   Section        0  libinit2.o(.ARM.Collect$$libinit$$0000000A)
    .ARM.Collect$$libinit$$0000000C          0x08000162   Section        0  libinit2.o(.ARM.Collect$$libinit$$0000000C)
    .ARM.Collect$$libinit$$0000000E          0x08000162   Section        0  libinit2.o(.ARM.Collect$$libinit$$0000000E)
    .ARM.Collect$$libinit$$00000011          0x08000162   Section        0  libinit2.o(.ARM.Collect$$libinit$$00000011)
    .ARM.Collect$$libinit$$00000013          0x08000162   Section        0  libinit2.o(.ARM.Collect$$libinit$$00000013)
    .ARM.Collect$$libinit$$00000015          0x08000162   Section        0  libinit2.o(.ARM.Collect$$libinit$$00000015)
    .ARM.Collect$$libinit$$00000017          0x08000162   Section        0  libinit2.o(.ARM.Collect$$libinit$$00000017)
    .ARM.Collect$$libinit$$00000019          0x08000162   Section        0  libinit2.o(.ARM.Collect$$libinit$$00000019)
    .ARM.Collect$$libinit$$0000001B          0x08000162   Section        0  libinit2.o(.ARM.Collect$$libinit$$0000001B)
    .ARM.Collect$$libinit$$0000001D          0x08000162   Section        0  libinit2.o(.ARM.Collect$$libinit$$0000001D)
    .ARM.Collect$$libinit$$0000001F          0x08000162   Section        0  libinit2.o(.ARM.Collect$$libinit$$0000001F)
    .ARM.Collect$$libinit$$00000021          0x08000162   Section        0  libinit2.o(.ARM.Collect$$libinit$$00000021)
    .ARM.Collect$$libinit$$00000023          0x08000162   Section        0  libinit2.o(.ARM.Collect$$libinit$$00000023)
    .ARM.Collect$$libinit$$00000025          0x08000162   Section        0  libinit2.o(.ARM.Collect$$libinit$$00000025)
    .ARM.Collect$$libinit$$0000002C          0x08000162   Section        0  libinit2.o(.ARM.Collect$$libinit$$0000002C)
    .ARM.Collect$$libinit$$0000002E          0x08000162   Section        0  libinit2.o(.ARM.Collect$$libinit$$0000002E)
    .ARM.Collect$$libinit$$00000030          0x08000162   Section        0  libinit2.o(.ARM.Collect$$libinit$$00000030)
    .ARM.Collect$$libinit$$00000032          0x08000162   Section        0  libinit2.o(.ARM.Collect$$libinit$$00000032)
    .ARM.Collect$$libinit$$00000033          0x08000162   Section        2  libinit2.o(.ARM.Collect$$libinit$$00000033)
    .ARM.Collect$$libshutdown$$00000000      0x08000164   Section        2  libshutdown.o(.ARM.Collect$$libshutdown$$00000000)
    .ARM.Collect$$libshutdown$$00000003      0x08000166   Section        0  libshutdown2.o(.ARM.Collect$$libshutdown$$00000003)
    .ARM.Collect$$libshutdown$$00000006      0x08000166   Section        0  libshutdown2.o(.ARM.Collect$$libshutdown$$00000006)
    .ARM.Collect$$libshutdown$$00000009      0x08000166   Section        0  libshutdown2.o(.ARM.Collect$$libshutdown$$00000009)
    .ARM.Collect$$libshutdown$$0000000B      0x08000166   Section        0  libshutdown2.o(.ARM.Collect$$libshutdown$$0000000B)
    .ARM.Collect$$libshutdown$$0000000E      0x08000166   Section        0  libshutdown2.o(.ARM.Collect$$libshutdown$$0000000E)
    .ARM.Collect$$libshutdown$$0000000F      0x08000166   Section        2  libshutdown2.o(.ARM.Collect$$libshutdown$$0000000F)
    .ARM.Collect$$rtentry$$00000000          0x08000168   Section        0  __rtentry.o(.ARM.Collect$$rtentry$$00000000)
    .ARM.Collect$$rtentry$$00000002          0x08000168   Section        0  __rtentry2.o(.ARM.Collect$$rtentry$$00000002)
    .ARM.Collect$$rtentry$$00000004          0x08000168   Section        6  __rtentry4.o(.ARM.Collect$$rtentry$$00000004)
    .ARM.Collect$$rtentry$$00000009          0x0800016e   Section        0  __rtentry2.o(.ARM.Collect$$rtentry$$00000009)
    .ARM.Collect$$rtentry$$0000000A          0x0800016e   Section        4  __rtentry2.o(.ARM.Collect$$rtentry$$0000000A)
    .ARM.Collect$$rtentry$$0000000C          0x08000172   Section        0  __rtentry2.o(.ARM.Collect$$rtentry$$0000000C)
    .ARM.Collect$$rtentry$$0000000D          0x08000172   Section        8  __rtentry2.o(.ARM.Collect$$rtentry$$0000000D)
    .ARM.Collect$$rtexit$$00000000           0x0800017a   Section        2  rtexit.o(.ARM.Collect$$rtexit$$00000000)
    .ARM.Collect$$rtexit$$00000002           0x0800017c   Section        0  rtexit2.o(.ARM.Collect$$rtexit$$00000002)
    .ARM.Collect$$rtexit$$00000003           0x0800017c   Section        4  rtexit2.o(.ARM.Collect$$rtexit$$00000003)
    .ARM.Collect$$rtexit$$00000004           0x08000180   Section        6  rtexit2.o(.ARM.Collect$$rtexit$$00000004)
    .text                                    0x08000188   Section        0  display.o(.text)
    .text                                    0x080003d0   Section        0  main.o(.text)
    .text                                    0x0800055c   Section        0  delay.o(.text)
    .text                                    0x0800060c   Section        0  usart1.o(.text)
    itoa                                     0x0800069f   Thumb Code    98  usart1.o(.text)
    .text                                    0x08000810   Section        0  i2c.o(.text)
    .text                                    0x08000a14   Section        0  ds3231.o(.text)
    .text                                    0x08000dac   Section        0  hv57708.o(.text)
    .text                                    0x08000ecc   Section        0  system_stm32f10x.o(.text)
    SetSysClockTo72                          0x08000ecd   Thumb Code   214  system_stm32f10x.o(.text)
    SetSysClock                              0x08000fa3   Thumb Code     8  system_stm32f10x.o(.text)
    .text                                    0x080010ac   Section        0  stm32f10x_it.o(.text)
    .text                                    0x080010c8   Section       64  startup_stm32f10x_md.o(.text)
    .text                                    0x08001108   Section        0  stm32f10x_gpio.o(.text)
    .text                                    0x08001464   Section        0  stm32f10x_rcc.o(.text)
    .text                                    0x08001808   Section        0  stm32f10x_usart.o(.text)
    .text                                    0x08001c10   Section        0  heapauxi.o(.text)
    .text                                    0x08001c16   Section       74  sys_stackheap_outer.o(.text)
    .text                                    0x08001c60   Section        0  exit.o(.text)
    .text                                    0x08001c6c   Section        8  libspace.o(.text)
    .text                                    0x08001c74   Section        0  sys_exit.o(.text)
    .text                                    0x08001c80   Section        2  use_no_semi.o(.text)
    .text                                    0x08001c82   Section        0  indicate_semi.o(.text)
    x$fpl$ffixu                              0x08001c84   Section       62  ffixu.o(x$fpl$ffixu)
    x$fpl$ffltu                              0x08001cc4   Section       38  fflt_clz.o(x$fpl$ffltu)
    x$fpl$fmul                               0x08001cec   Section      258  fmul.o(x$fpl$fmul)
    x$fpl$fnaninf                            0x08001dee   Section      140  fnaninf.o(x$fpl$fnaninf)
    x$fpl$fretinf                            0x08001e7a   Section       10  fretinf.o(x$fpl$fretinf)
    .constdata                               0x08001e84   Section       60  display.o(.constdata)
    x$fpl$usenofp                            0x08001e84   Section        0  usenofp.o(x$fpl$usenofp)
    .data                                    0x20000000   Section        7  main.o(.data)
    .data                                    0x20000008   Section        4  delay.o(.data)
    fac_us                                   0x20000008   Data           1  delay.o(.data)
    fac_ms                                   0x2000000a   Data           2  delay.o(.data)
    .data                                    0x2000000c   Section       45  ds3231.o(.data)
    .data                                    0x2000003a   Section        4  hv57708.o(.data)
    .data                                    0x20000040   Section       20  system_stm32f10x.o(.data)
    .data                                    0x20000054   Section       20  stm32f10x_rcc.o(.data)
    APBAHBPrescTable                         0x20000054   Data          16  stm32f10x_rcc.o(.data)
    ADCPrescTable                            0x20000064   Data           4  stm32f10x_rcc.o(.data)
    .bss                                     0x20000068   Section       96  libspace.o(.bss)
    HEAP                                     0x200000c8   Section      512  startup_stm32f10x_md.o(HEAP)
    Heap_Mem                                 0x200000c8   Data         512  startup_stm32f10x_md.o(HEAP)
    STACK                                    0x200002c8   Section     1024  startup_stm32f10x_md.o(STACK)
    Stack_Mem                                0x200002c8   Data        1024  startup_stm32f10x_md.o(STACK)
    __initial_sp                             0x200006c8   Data           0  startup_stm32f10x_md.o(STACK)

    Global Symbols

    Symbol Name                              Value     Ov Type        Size  Object(Section)

    BuildAttributes$$THM_ISAv4$P$D$K$B$S$PE$A:L22UL41UL21$X:L11$S22US41US21$IEEE1$IW$USESV6$~STKCKD$USESV7$~SHL$OSPACE$ROPI$EBA8$UX$STANDARDLIB$REQ8$PRES8$EABIv2 0x00000000   Number         0  anon$$obj.o ABSOLUTE
    __ARM_use_no_argv                        0x00000000   Number         0  main.o ABSOLUTE
    __ARM_exceptions_init                     - Undefined Weak Reference
    __alloca_initialize                       - Undefined Weak Reference
    __arm_preinit_                            - Undefined Weak Reference
    __cpp_initialize__aeabi_                  - Undefined Weak Reference
    __cxa_finalize                            - Undefined Weak Reference
    __rt_locale                               - Undefined Weak Reference
    __sigvec_lookup                           - Undefined Weak Reference
    _atexit_init                              - Undefined Weak Reference
    _call_atexit_fns                          - Undefined Weak Reference
    _clock_init                               - Undefined Weak Reference
    _fp_trap_init                             - Undefined Weak Reference
    _fp_trap_shutdown                         - Undefined Weak Reference
    _get_lc_collate                           - Undefined Weak Reference
    _get_lc_ctype                             - Undefined Weak Reference
    _get_lc_monetary                          - Undefined Weak Reference
    _get_lc_numeric                           - Undefined Weak Reference
    _get_lc_time                              - Undefined Weak Reference
    _getenv_init                              - Undefined Weak Reference
    _handle_redirection                       - Undefined Weak Reference
    _init_alloc                               - Undefined Weak Reference
    _init_user_alloc                          - Undefined Weak Reference
    _initio                                   - Undefined Weak Reference
    _rand_init                                - Undefined Weak Reference
    _signal_finish                            - Undefined Weak Reference
    _signal_init                              - Undefined Weak Reference
    _terminate_alloc                          - Undefined Weak Reference
    _terminate_user_alloc                     - Undefined Weak Reference
    _terminateio                              - Undefined Weak Reference
    __Vectors_Size                           0x000000ec   Number         0  startup_stm32f10x_md.o ABSOLUTE
    __Vectors                                0x08000000   Data           4  startup_stm32f10x_md.o(RESET)
    __Vectors_End                            0x080000ec   Data           0  startup_stm32f10x_md.o(RESET)
    __main                                   0x080000ed   Thumb Code     8  __main.o(!!!main)
    __scatterload                            0x080000f5   Thumb Code     0  __scatter.o(!!!scatter)
    __scatterload_rt2                        0x080000f5   Thumb Code    44  __scatter.o(!!!scatter)
    __scatterload_rt2_thumb_only             0x080000f5   Thumb Code     0  __scatter.o(!!!scatter)
    __scatterload_null                       0x08000103   Thumb Code     0  __scatter.o(!!!scatter)
    __scatterload_copy                       0x08000129   Thumb Code    26  __scatter_copy.o(!!handler_copy)
    __scatterload_zeroinit                   0x08000145   Thumb Code    28  __scatter_zi.o(!!handler_zi)
    __rt_lib_init                            0x08000161   Thumb Code     0  libinit.o(.ARM.Collect$$libinit$$00000000)
    __rt_lib_init_alloca_1                   0x08000163   Thumb Code     0  libinit2.o(.ARM.Collect$$libinit$$0000002E)
    __rt_lib_init_argv_1                     0x08000163   Thumb Code     0  libinit2.o(.ARM.Collect$$libinit$$0000002C)
    __rt_lib_init_atexit_1                   0x08000163   Thumb Code     0  libinit2.o(.ARM.Collect$$libinit$$0000001B)
    __rt_lib_init_clock_1                    0x08000163   Thumb Code     0  libinit2.o(.ARM.Collect$$libinit$$00000021)
    __rt_lib_init_cpp_1                      0x08000163   Thumb Code     0  libinit2.o(.ARM.Collect$$libinit$$00000032)
    __rt_lib_init_exceptions_1               0x08000163   Thumb Code     0  libinit2.o(.ARM.Collect$$libinit$$00000030)
    __rt_lib_init_fp_1                       0x08000163   Thumb Code     0  libinit2.o(.ARM.Collect$$libinit$$00000002)
    __rt_lib_init_fp_trap_1                  0x08000163   Thumb Code     0  libinit2.o(.ARM.Collect$$libinit$$0000001F)
    __rt_lib_init_getenv_1                   0x08000163   Thumb Code     0  libinit2.o(.ARM.Collect$$libinit$$00000023)
    __rt_lib_init_heap_1                     0x08000163   Thumb Code     0  libinit2.o(.ARM.Collect$$libinit$$0000000A)
    __rt_lib_init_lc_collate_1               0x08000163   Thumb Code     0  libinit2.o(.ARM.Collect$$libinit$$00000011)
    __rt_lib_init_lc_ctype_1                 0x08000163   Thumb Code     0  libinit2.o(.ARM.Collect$$libinit$$00000013)
    __rt_lib_init_lc_monetary_1              0x08000163   Thumb Code     0  libinit2.o(.ARM.Collect$$libinit$$00000015)
    __rt_lib_init_lc_numeric_1               0x08000163   Thumb Code     0  libinit2.o(.ARM.Collect$$libinit$$00000017)
    __rt_lib_init_lc_time_1                  0x08000163   Thumb Code     0  libinit2.o(.ARM.Collect$$libinit$$00000019)
    __rt_lib_init_preinit_1                  0x08000163   Thumb Code     0  libinit2.o(.ARM.Collect$$libinit$$00000004)
    __rt_lib_init_rand_1                     0x08000163   Thumb Code     0  libinit2.o(.ARM.Collect$$libinit$$0000000E)
    __rt_lib_init_return                     0x08000163   Thumb Code     0  libinit2.o(.ARM.Collect$$libinit$$00000033)
    __rt_lib_init_signal_1                   0x08000163   Thumb Code     0  libinit2.o(.ARM.Collect$$libinit$$0000001D)
    __rt_lib_init_stdio_1                    0x08000163   Thumb Code     0  libinit2.o(.ARM.Collect$$libinit$$00000025)
    __rt_lib_init_user_alloc_1               0x08000163   Thumb Code     0  libinit2.o(.ARM.Collect$$libinit$$0000000C)
    __rt_lib_shutdown                        0x08000165   Thumb Code     0  libshutdown.o(.ARM.Collect$$libshutdown$$00000000)
    __rt_lib_shutdown_fp_trap_1              0x08000167   Thumb Code     0  libshutdown2.o(.ARM.Collect$$libshutdown$$00000006)
    __rt_lib_shutdown_heap_1                 0x08000167   Thumb Code     0  libshutdown2.o(.ARM.Collect$$libshutdown$$0000000E)
    __rt_lib_shutdown_return                 0x08000167   Thumb Code     0  libshutdown2.o(.ARM.Collect$$libshutdown$$0000000F)
    __rt_lib_shutdown_signal_1               0x08000167   Thumb Code     0  libshutdown2.o(.ARM.Collect$$libshutdown$$00000009)
    __rt_lib_shutdown_stdio_1                0x08000167   Thumb Code     0  libshutdown2.o(.ARM.Collect$$libshutdown$$00000003)
    __rt_lib_shutdown_user_alloc_1           0x08000167   Thumb Code     0  libshutdown2.o(.ARM.Collect$$libshutdown$$0000000B)
    __rt_entry                               0x08000169   Thumb Code     0  __rtentry.o(.ARM.Collect$$rtentry$$00000000)
    __rt_entry_presh_1                       0x08000169   Thumb Code     0  __rtentry2.o(.ARM.Collect$$rtentry$$00000002)
    __rt_entry_sh                            0x08000169   Thumb Code     0  __rtentry4.o(.ARM.Collect$$rtentry$$00000004)
    __rt_entry_li                            0x0800016f   Thumb Code     0  __rtentry2.o(.ARM.Collect$$rtentry$$0000000A)
    __rt_entry_postsh_1                      0x0800016f   Thumb Code     0  __rtentry2.o(.ARM.Collect$$rtentry$$00000009)
    __rt_entry_main                          0x08000173   Thumb Code     0  __rtentry2.o(.ARM.Collect$$rtentry$$0000000D)
    __rt_entry_postli_1                      0x08000173   Thumb Code     0  __rtentry2.o(.ARM.Collect$$rtentry$$0000000C)
    __rt_exit                                0x0800017b   Thumb Code     0  rtexit.o(.ARM.Collect$$rtexit$$00000000)
    __rt_exit_ls                             0x0800017d   Thumb Code     0  rtexit2.o(.ARM.Collect$$rtexit$$00000003)
    __rt_exit_prels_1                        0x0800017d   Thumb Code     0  rtexit2.o(.ARM.Collect$$rtexit$$00000002)
    __rt_exit_exit                           0x08000181   Thumb Code     0  rtexit2.o(.ARM.Collect$$rtexit$$00000004)
    displayInit                              0x08000189   Thumb Code    10  display.o(.text)
    displayNumber                            0x08000193   Thumb Code   222  display.o(.text)
    displayUserNumber                        0x08000271   Thumb Code   230  display.o(.text)
    displayTime                              0x08000357   Thumb Code    40  display.o(.text)
    displayDots                              0x0800037f   Thumb Code    26  display.o(.text)
    haltDots                                 0x08000399   Thumb Code    26  display.o(.text)
    main                                     0x080003d1   Thumb Code   322  main.o(.text)
    delay_init                               0x0800055d   Thumb Code    56  delay.o(.text)
    delay_us                                 0x08000595   Thumb Code    56  delay.o(.text)
    delay_ms                                 0x080005cd   Thumb Code    56  delay.o(.text)
    USART1_Config                            0x0800060d   Thumb Code   114  usart1.o(.text)
    fputc                                    0x0800067f   Thumb Code    32  usart1.o(.text)
    USART1_printf                            0x08000701   Thumb Code   262  usart1.o(.text)
    IIC_Config                               0x08000811   Thumb Code    38  i2c.o(.text)
    IIC_SDA_OUT                              0x08000837   Thumb Code    38  i2c.o(.text)
    IIC_SDA_IN                               0x0800085d   Thumb Code    32  i2c.o(.text)
    IIC_Start                                0x0800087d   Thumb Code    64  i2c.o(.text)
    IIC_Stop                                 0x080008bd   Thumb Code    50  i2c.o(.text)
    IIC_Ack                                  0x080008ef   Thumb Code    64  i2c.o(.text)
    IIC_Write_Byte                           0x0800092f   Thumb Code   132  i2c.o(.text)
    IIC_Read_Byte                            0x080009b3   Thumb Code    92  i2c.o(.text)
    DS3231_Write_Byte                        0x08000a15   Thumb Code    36  ds3231.o(.text)
    DS3231_Read_Byte                         0x08000a39   Thumb Code    52  ds3231.o(.text)
    DS3231_Operate_Register                  0x08000a6d   Thumb Code   134  ds3231.o(.text)
    DS3231_ReadWrite_Time                    0x08000af3   Thumb Code   166  ds3231.o(.text)
    DS3231_Time_Init                         0x08000b99   Thumb Code    62  ds3231.o(.text)
    DS3231_Check                             0x08000bd7   Thumb Code    38  ds3231.o(.text)
    Time_Handle                              0x08000bfd   Thumb Code   204  ds3231.o(.text)
    DS3231_Read_Temp                         0x08000cc9   Thumb Code   202  ds3231.o(.text)
    HV57708_Init                             0x08000dad   Thumb Code    82  hv57708.o(.text)
    HV57708_SendData                         0x08000dff   Thumb Code   168  hv57708.o(.text)
    HV57708_OutputData                       0x08000ea7   Thumb Code    18  hv57708.o(.text)
    SystemInit                               0x08000fab   Thumb Code    78  system_stm32f10x.o(.text)
    SystemCoreClockUpdate                    0x08000ff9   Thumb Code   142  system_stm32f10x.o(.text)
    NMI_Handler                              0x080010ad   Thumb Code     2  stm32f10x_it.o(.text)
    HardFault_Handler                        0x080010af   Thumb Code     4  stm32f10x_it.o(.text)
    MemManage_Handler                        0x080010b3   Thumb Code     4  stm32f10x_it.o(.text)
    BusFault_Handler                         0x080010b7   Thumb Code     4  stm32f10x_it.o(.text)
    UsageFault_Handler                       0x080010bb   Thumb Code     4  stm32f10x_it.o(.text)
    SVC_Handler                              0x080010bf   Thumb Code     2  stm32f10x_it.o(.text)
    DebugMon_Handler                         0x080010c1   Thumb Code     2  stm32f10x_it.o(.text)
    PendSV_Handler                           0x080010c3   Thumb Code     2  stm32f10x_it.o(.text)
    SysTick_Handler                          0x080010c5   Thumb Code     2  stm32f10x_it.o(.text)
    Reset_Handler                            0x080010c9   Thumb Code     8  startup_stm32f10x_md.o(.text)
    ADC1_2_IRQHandler                        0x080010e3   Thumb Code     0  startup_stm32f10x_md.o(.text)
    CAN1_RX1_IRQHandler                      0x080010e3   Thumb Code     0  startup_stm32f10x_md.o(.text)
    CAN1_SCE_IRQHandler                      0x080010e3   Thumb Code     0  startup_stm32f10x_md.o(.text)
    DMA1_Channel1_IRQHandler                 0x080010e3   Thumb Code     0  startup_stm32f10x_md.o(.text)
    DMA1_Channel2_IRQHandler                 0x080010e3   Thumb Code     0  startup_stm32f10x_md.o(.text)
    DMA1_Channel3_IRQHandler                 0x080010e3   Thumb Code     0  startup_stm32f10x_md.o(.text)
    DMA1_Channel4_IRQHandler                 0x080010e3   Thumb Code     0  startup_stm32f10x_md.o(.text)
    DMA1_Channel5_IRQHandler                 0x080010e3   Thumb Code     0  startup_stm32f10x_md.o(.text)
    DMA1_Channel6_IRQHandler                 0x080010e3   Thumb Code     0  startup_stm32f10x_md.o(.text)
    DMA1_Channel7_IRQHandler                 0x080010e3   Thumb Code     0  startup_stm32f10x_md.o(.text)
    EXTI0_IRQHandler                         0x080010e3   Thumb Code     0  startup_stm32f10x_md.o(.text)
    EXTI15_10_IRQHandler                     0x080010e3   Thumb Code     0  startup_stm32f10x_md.o(.text)
    EXTI1_IRQHandler                         0x080010e3   Thumb Code     0  startup_stm32f10x_md.o(.text)
    EXTI2_IRQHandler                         0x080010e3   Thumb Code     0  startup_stm32f10x_md.o(.text)
    EXTI3_IRQHandler                         0x080010e3   Thumb Code     0  startup_stm32f10x_md.o(.text)
    EXTI4_IRQHandler                         0x080010e3   Thumb Code     0  startup_stm32f10x_md.o(.text)
    EXTI9_5_IRQHandler                       0x080010e3   Thumb Code     0  startup_stm32f10x_md.o(.text)
    FLASH_IRQHandler                         0x080010e3   Thumb Code     0  startup_stm32f10x_md.o(.text)
    I2C1_ER_IRQHandler                       0x080010e3   Thumb Code     0  startup_stm32f10x_md.o(.text)
    I2C1_EV_IRQHandler                       0x080010e3   Thumb Code     0  startup_stm32f10x_md.o(.text)
    I2C2_ER_IRQHandler                       0x080010e3   Thumb Code     0  startup_stm32f10x_md.o(.text)
    I2C2_EV_IRQHandler                       0x080010e3   Thumb Code     0  startup_stm32f10x_md.o(.text)
    PVD_IRQHandler                           0x080010e3   Thumb Code     0  startup_stm32f10x_md.o(.text)
    RCC_IRQHandler                           0x080010e3   Thumb Code     0  startup_stm32f10x_md.o(.text)
    RTCAlarm_IRQHandler                      0x080010e3   Thumb Code     0  startup_stm32f10x_md.o(.text)
    RTC_IRQHandler                           0x080010e3   Thumb Code     0  startup_stm32f10x_md.o(.text)
    SPI1_IRQHandler                          0x080010e3   Thumb Code     0  startup_stm32f10x_md.o(.text)
    SPI2_IRQHandler                          0x080010e3   Thumb Code     0  startup_stm32f10x_md.o(.text)
    TAMPER_IRQHandler                        0x080010e3   Thumb Code     0  startup_stm32f10x_md.o(.text)
    TIM1_BRK_IRQHandler                      0x080010e3   Thumb Code     0  startup_stm32f10x_md.o(.text)
    TIM1_CC_IRQHandler                       0x080010e3   Thumb Code     0  startup_stm32f10x_md.o(.text)
    TIM1_TRG_COM_IRQHandler                  0x080010e3   Thumb Code     0  startup_stm32f10x_md.o(.text)
    TIM1_UP_IRQHandler                       0x080010e3   Thumb Code     0  startup_stm32f10x_md.o(.text)
    TIM2_IRQHandler                          0x080010e3   Thumb Code     0  startup_stm32f10x_md.o(.text)
    TIM3_IRQHandler                          0x080010e3   Thumb Code     0  startup_stm32f10x_md.o(.text)
    TIM4_IRQHandler                          0x080010e3   Thumb Code     0  startup_stm32f10x_md.o(.text)
    USART1_IRQHandler                        0x080010e3   Thumb Code     0  startup_stm32f10x_md.o(.text)
    USART2_IRQHandler                        0x080010e3   Thumb Code     0  startup_stm32f10x_md.o(.text)
    USART3_IRQHandler                        0x080010e3   Thumb Code     0  startup_stm32f10x_md.o(.text)
    USBWakeUp_IRQHandler                     0x080010e3   Thumb Code     0  startup_stm32f10x_md.o(.text)
    USB_HP_CAN1_TX_IRQHandler                0x080010e3   Thumb Code     0  startup_stm32f10x_md.o(.text)
    USB_LP_CAN1_RX0_IRQHandler               0x080010e3   Thumb Code     0  startup_stm32f10x_md.o(.text)
    WWDG_IRQHandler                          0x080010e3   Thumb Code     0  startup_stm32f10x_md.o(.text)
    __user_initial_stackheap                 0x080010e5   Thumb Code     0  startup_stm32f10x_md.o(.text)
    GPIO_DeInit                              0x08001109   Thumb Code   172  stm32f10x_gpio.o(.text)
    GPIO_AFIODeInit                          0x080011b5   Thumb Code    20  stm32f10x_gpio.o(.text)
    GPIO_Init                                0x080011c9   Thumb Code   278  stm32f10x_gpio.o(.text)
    GPIO_StructInit                          0x080012df   Thumb Code    16  stm32f10x_gpio.o(.text)
    GPIO_ReadInputDataBit                    0x080012ef   Thumb Code    18  stm32f10x_gpio.o(.text)
    GPIO_ReadInputData                       0x08001301   Thumb Code     8  stm32f10x_gpio.o(.text)
    GPIO_ReadOutputDataBit                   0x08001309   Thumb Code    18  stm32f10x_gpio.o(.text)
    GPIO_ReadOutputData                      0x0800131b   Thumb Code     8  stm32f10x_gpio.o(.text)
    GPIO_SetBits                             0x08001323   Thumb Code     4  stm32f10x_gpio.o(.text)
    GPIO_ResetBits                           0x08001327   Thumb Code     4  stm32f10x_gpio.o(.text)
    GPIO_WriteBit                            0x0800132b   Thumb Code    10  stm32f10x_gpio.o(.text)
    GPIO_Write                               0x08001335   Thumb Code     4  stm32f10x_gpio.o(.text)
    GPIO_PinLockConfig                       0x08001339   Thumb Code    18  stm32f10x_gpio.o(.text)
    GPIO_EventOutputConfig                   0x0800134b   Thumb Code    26  stm32f10x_gpio.o(.text)
    GPIO_EventOutputCmd                      0x08001365   Thumb Code     6  stm32f10x_gpio.o(.text)
    GPIO_PinRemapConfig                      0x0800136b   Thumb Code   138  stm32f10x_gpio.o(.text)
    GPIO_EXTILineConfig                      0x080013f5   Thumb Code    66  stm32f10x_gpio.o(.text)
    GPIO_ETH_MediaInterfaceConfig            0x08001437   Thumb Code     8  stm32f10x_gpio.o(.text)
    RCC_DeInit                               0x08001465   Thumb Code    64  stm32f10x_rcc.o(.text)
    RCC_HSEConfig                            0x080014a5   Thumb Code    70  stm32f10x_rcc.o(.text)
    RCC_GetFlagStatus                        0x080014eb   Thumb Code    56  stm32f10x_rcc.o(.text)
    RCC_WaitForHSEStartUp                    0x08001523   Thumb Code    56  stm32f10x_rcc.o(.text)
    RCC_AdjustHSICalibrationValue            0x0800155b   Thumb Code    20  stm32f10x_rcc.o(.text)
    RCC_HSICmd                               0x0800156f   Thumb Code     6  stm32f10x_rcc.o(.text)
    RCC_PLLConfig                            0x08001575   Thumb Code    24  stm32f10x_rcc.o(.text)
    RCC_PLLCmd                               0x0800158d   Thumb Code     6  stm32f10x_rcc.o(.text)
    RCC_SYSCLKConfig                         0x08001593   Thumb Code    18  stm32f10x_rcc.o(.text)
    RCC_GetSYSCLKSource                      0x080015a5   Thumb Code    10  stm32f10x_rcc.o(.text)
    RCC_HCLKConfig                           0x080015af   Thumb Code    18  stm32f10x_rcc.o(.text)
    RCC_PCLK1Config                          0x080015c1   Thumb Code    18  stm32f10x_rcc.o(.text)
    RCC_PCLK2Config                          0x080015d3   Thumb Code    20  stm32f10x_rcc.o(.text)
    RCC_ITConfig                             0x080015e7   Thumb Code    26  stm32f10x_rcc.o(.text)
    RCC_USBCLKConfig                         0x08001601   Thumb Code     8  stm32f10x_rcc.o(.text)
    RCC_ADCCLKConfig                         0x08001609   Thumb Code    18  stm32f10x_rcc.o(.text)
    RCC_LSEConfig                            0x0800161b   Thumb Code    50  stm32f10x_rcc.o(.text)
    RCC_LSICmd                               0x0800164d   Thumb Code     6  stm32f10x_rcc.o(.text)
    RCC_RTCCLKConfig                         0x08001653   Thumb Code    12  stm32f10x_rcc.o(.text)
    RCC_RTCCLKCmd                            0x0800165f   Thumb Code     8  stm32f10x_rcc.o(.text)
    RCC_GetClocksFreq                        0x08001667   Thumb Code   192  stm32f10x_rcc.o(.text)
    RCC_AHBPeriphClockCmd                    0x08001727   Thumb Code    26  stm32f10x_rcc.o(.text)
    RCC_APB2PeriphClockCmd                   0x08001741   Thumb Code    26  stm32f10x_rcc.o(.text)
    RCC_APB1PeriphClockCmd                   0x0800175b   Thumb Code    26  stm32f10x_rcc.o(.text)
    RCC_APB2PeriphResetCmd                   0x08001775   Thumb Code    26  stm32f10x_rcc.o(.text)
    RCC_APB1PeriphResetCmd                   0x0800178f   Thumb Code    26  stm32f10x_rcc.o(.text)
    RCC_BackupResetCmd                       0x080017a9   Thumb Code     8  stm32f10x_rcc.o(.text)
    RCC_ClockSecuritySystemCmd               0x080017b1   Thumb Code     6  stm32f10x_rcc.o(.text)
    RCC_MCOConfig                            0x080017b7   Thumb Code     6  stm32f10x_rcc.o(.text)
    RCC_ClearFlag                            0x080017bd   Thumb Code    14  stm32f10x_rcc.o(.text)
    RCC_GetITStatus                          0x080017cb   Thumb Code    20  stm32f10x_rcc.o(.text)
    RCC_ClearITPendingBit                    0x080017df   Thumb Code     6  stm32f10x_rcc.o(.text)
    USART_DeInit                             0x08001809   Thumb Code   134  stm32f10x_usart.o(.text)
    USART_Init                               0x0800188f   Thumb Code   210  stm32f10x_usart.o(.text)
    USART_StructInit                         0x08001961   Thumb Code    24  stm32f10x_usart.o(.text)
    USART_ClockInit                          0x08001979   Thumb Code    34  stm32f10x_usart.o(.text)
    USART_ClockStructInit                    0x0800199b   Thumb Code    12  stm32f10x_usart.o(.text)
    USART_Cmd                                0x080019a7   Thumb Code    24  stm32f10x_usart.o(.text)
    USART_ITConfig                           0x080019bf   Thumb Code    74  stm32f10x_usart.o(.text)
    USART_DMACmd                             0x08001a09   Thumb Code    18  stm32f10x_usart.o(.text)
    USART_SetAddress                         0x08001a1b   Thumb Code    18  stm32f10x_usart.o(.text)
    USART_WakeUpConfig                       0x08001a2d   Thumb Code    18  stm32f10x_usart.o(.text)
    USART_ReceiverWakeUpCmd                  0x08001a3f   Thumb Code    24  stm32f10x_usart.o(.text)
    USART_LINBreakDetectLengthConfig         0x08001a57   Thumb Code    18  stm32f10x_usart.o(.text)
    USART_LINCmd                             0x08001a69   Thumb Code    24  stm32f10x_usart.o(.text)
    USART_SendData                           0x08001a81   Thumb Code     8  stm32f10x_usart.o(.text)
    USART_ReceiveData                        0x08001a89   Thumb Code    10  stm32f10x_usart.o(.text)
    USART_SendBreak                          0x08001a93   Thumb Code    10  stm32f10x_usart.o(.text)
    USART_SetGuardTime                       0x08001a9d   Thumb Code    16  stm32f10x_usart.o(.text)
    USART_SetPrescaler                       0x08001aad   Thumb Code    16  stm32f10x_usart.o(.text)
    USART_SmartCardCmd                       0x08001abd   Thumb Code    24  stm32f10x_usart.o(.text)
    USART_SmartCardNACKCmd                   0x08001ad5   Thumb Code    24  stm32f10x_usart.o(.text)
    USART_HalfDuplexCmd                      0x08001aed   Thumb Code    24  stm32f10x_usart.o(.text)
    USART_OverSampling8Cmd                   0x08001b05   Thumb Code    22  stm32f10x_usart.o(.text)
    USART_OneBitMethodCmd                    0x08001b1b   Thumb Code    24  stm32f10x_usart.o(.text)
    USART_IrDAConfig                         0x08001b33   Thumb Code    18  stm32f10x_usart.o(.text)
    USART_IrDACmd                            0x08001b45   Thumb Code    24  stm32f10x_usart.o(.text)
    USART_GetFlagStatus                      0x08001b5d   Thumb Code    26  stm32f10x_usart.o(.text)
    USART_ClearFlag                          0x08001b77   Thumb Code    18  stm32f10x_usart.o(.text)
    USART_GetITStatus                        0x08001b89   Thumb Code    84  stm32f10x_usart.o(.text)
    USART_ClearITPendingBit                  0x08001bdd   Thumb Code    52  stm32f10x_usart.o(.text)
    __use_two_region_memory                  0x08001c11   Thumb Code     2  heapauxi.o(.text)
    __rt_heap_escrow$2region                 0x08001c13   Thumb Code     2  heapauxi.o(.text)
    __rt_heap_expand$2region                 0x08001c15   Thumb Code     2  heapauxi.o(.text)
    __user_setup_stackheap                   0x08001c17   Thumb Code    74  sys_stackheap_outer.o(.text)
    exit                                     0x08001c61   Thumb Code    12  exit.o(.text)
    __user_libspace                          0x08001c6d   Thumb Code     8  libspace.o(.text)
    __user_perproc_libspace                  0x08001c6d   Thumb Code     0  libspace.o(.text)
    __user_perthread_libspace                0x08001c6d   Thumb Code     0  libspace.o(.text)
    _sys_exit                                0x08001c75   Thumb Code     8  sys_exit.o(.text)
    __I$use$semihosting                      0x08001c81   Thumb Code     0  use_no_semi.o(.text)
    __use_no_semihosting_swi                 0x08001c81   Thumb Code     2  use_no_semi.o(.text)
    __semihosting_library_function           0x08001c83   Thumb Code     0  indicate_semi.o(.text)
    __aeabi_f2uiz                            0x08001c85   Thumb Code     0  ffixu.o(x$fpl$ffixu)
    _ffixu                                   0x08001c85   Thumb Code    62  ffixu.o(x$fpl$ffixu)
    __aeabi_ui2f                             0x08001cc5   Thumb Code     0  fflt_clz.o(x$fpl$ffltu)
    _ffltu                                   0x08001cc5   Thumb Code    38  fflt_clz.o(x$fpl$ffltu)
    __aeabi_fmul                             0x08001ced   Thumb Code     0  fmul.o(x$fpl$fmul)
    _fmul                                    0x08001ced   Thumb Code   258  fmul.o(x$fpl$fmul)
    __fpl_fnaninf                            0x08001def   Thumb Code   140  fnaninf.o(x$fpl$fnaninf)
    __fpl_fretinf                            0x08001e7b   Thumb Code    10  fretinf.o(x$fpl$fretinf)
    __I$use$fp                               0x08001e84   Number         0  usenofp.o(x$fpl$usenofp)
    numbers                                  0x08001e84   Data          60  display.o(.constdata)
    Region$$Table$$Base                      0x08001ec0   Number         0  anon$$obj.o(Region$$Table)
    Region$$Table$$Limit                     0x08001ee0   Number         0  anon$$obj.o(Region$$Table)
    hour                                     0x20000000   Data           1  main.o(.data)
    minute                                   0x20000001   Data           1  main.o(.data)
    second                                   0x20000002   Data           1  main.o(.data)
    per25ms                                  0x20000003   Data           1  main.o(.data)
    second_tmp                               0x20000004   Data           1  main.o(.data)
    sleepMode                                0x20000005   Data           1  main.o(.data)
    mode                                     0x20000006   Data           1  main.o(.data)
    Display_Time                             0x2000000c   Data           8  ds3231.o(.data)
    Display_Date                             0x20000014   Data          13  ds3231.o(.data)
    TimeValue                                0x20000022   Data           8  ds3231.o(.data)
    TimeValueinbyte                          0x2000002a   Data           8  ds3231.o(.data)
    Time_Buffer                              0x20000032   Data           7  ds3231.o(.data)
    GPIO_InitStructure                       0x2000003a   Data           4  hv57708.o(.data)
    SystemCoreClock                          0x20000040   Data           4  system_stm32f10x.o(.data)
    AHBPrescTable                            0x20000044   Data          16  system_stm32f10x.o(.data)
    __libspace_start                         0x20000068   Data          96  libspace.o(.bss)
    __temporary_stack_top$libspace           0x200000c8   Data           0  libspace.o(.bss)



==============================================================================

Memory Map of the image

  Image Entry point : 0x080000ed

  Load Region LR_IROM1 (Base: 0x08000000, Size: 0x00001f48, Max: 0x00010000, ABSOLUTE)

    Execution Region ER_IROM1 (Base: 0x08000000, Size: 0x00001ee0, Max: 0x00010000, ABSOLUTE)

    Base Addr    Size         Type   Attr      Idx    E Section Name        Object

    0x08000000   0x000000ec   Data   RO          317    RESET               startup_stm32f10x_md.o
    0x080000ec   0x00000008   Code   RO          604  * !!!main             c_w.l(__main.o)
    0x080000f4   0x00000034   Code   RO          777    !!!scatter          c_w.l(__scatter.o)
    0x08000128   0x0000001a   Code   RO          779    !!handler_copy      c_w.l(__scatter_copy.o)
    0x08000142   0x00000002   PAD
    0x08000144   0x0000001c   Code   RO          781    !!handler_zi        c_w.l(__scatter_zi.o)
    0x08000160   0x00000002   Code   RO          648    .ARM.Collect$$libinit$$00000000  c_w.l(libinit.o)
    0x08000162   0x00000000   Code   RO          655    .ARM.Collect$$libinit$$00000002  c_w.l(libinit2.o)
    0x08000162   0x00000000   Code   RO          657    .ARM.Collect$$libinit$$00000004  c_w.l(libinit2.o)
    0x08000162   0x00000000   Code   RO          660    .ARM.Collect$$libinit$$0000000A  c_w.l(libinit2.o)
    0x08000162   0x00000000   Code   RO          662    .ARM.Collect$$libinit$$0000000C  c_w.l(libinit2.o)
    0x08000162   0x00000000   Code   RO          664    .ARM.Collect$$libinit$$0000000E  c_w.l(libinit2.o)
    0x08000162   0x00000000   Code   RO          667    .ARM.Collect$$libinit$$00000011  c_w.l(libinit2.o)
    0x08000162   0x00000000   Code   RO          669    .ARM.Collect$$libinit$$00000013  c_w.l(libinit2.o)
    0x08000162   0x00000000   Code   RO          671    .ARM.Collect$$libinit$$00000015  c_w.l(libinit2.o)
    0x08000162   0x00000000   Code   RO          673    .ARM.Collect$$libinit$$00000017  c_w.l(libinit2.o)
    0x08000162   0x00000000   Code   RO          675    .ARM.Collect$$libinit$$00000019  c_w.l(libinit2.o)
    0x08000162   0x00000000   Code   RO          677    .ARM.Collect$$libinit$$0000001B  c_w.l(libinit2.o)
    0x08000162   0x00000000   Code   RO          679    .ARM.Collect$$libinit$$0000001D  c_w.l(libinit2.o)
    0x08000162   0x00000000   Code   RO          681    .ARM.Collect$$libinit$$0000001F  c_w.l(libinit2.o)
    0x08000162   0x00000000   Code   RO          683    .ARM.Collect$$libinit$$00000021  c_w.l(libinit2.o)
    0x08000162   0x00000000   Code   RO          685    .ARM.Collect$$libinit$$00000023  c_w.l(libinit2.o)
    0x08000162   0x00000000   Code   RO          687    .ARM.Collect$$libinit$$00000025  c_w.l(libinit2.o)
    0x08000162   0x00000000   Code   RO          691    .ARM.Collect$$libinit$$0000002C  c_w.l(libinit2.o)
    0x08000162   0x00000000   Code   RO          693    .ARM.Collect$$libinit$$0000002E  c_w.l(libinit2.o)
    0x08000162   0x00000000   Code   RO          695    .ARM.Collect$$libinit$$00000030  c_w.l(libinit2.o)
    0x08000162   0x00000000   Code   RO          697    .ARM.Collect$$libinit$$00000032  c_w.l(libinit2.o)
    0x08000162   0x00000002   Code   RO          698    .ARM.Collect$$libinit$$00000033  c_w.l(libinit2.o)
    0x08000164   0x00000002   Code   RO          718    .ARM.Collect$$libshutdown$$00000000  c_w.l(libshutdown.o)
    0x08000166   0x00000000   Code   RO          732    .ARM.Collect$$libshutdown$$00000003  c_w.l(libshutdown2.o)
    0x08000166   0x00000000   Code   RO          735    .ARM.Collect$$libshutdown$$00000006  c_w.l(libshutdown2.o)
    0x08000166   0x00000000   Code   RO          738    .ARM.Collect$$libshutdown$$00000009  c_w.l(libshutdown2.o)
    0x08000166   0x00000000   Code   RO          740    .ARM.Collect$$libshutdown$$0000000B  c_w.l(libshutdown2.o)
    0x08000166   0x00000000   Code   RO          743    .ARM.Collect$$libshutdown$$0000000E  c_w.l(libshutdown2.o)
    0x08000166   0x00000002   Code   RO          744    .ARM.Collect$$libshutdown$$0000000F  c_w.l(libshutdown2.o)
    0x08000168   0x00000000   Code   RO          618    .ARM.Collect$$rtentry$$00000000  c_w.l(__rtentry.o)
    0x08000168   0x00000000   Code   RO          625    .ARM.Collect$$rtentry$$00000002  c_w.l(__rtentry2.o)
    0x08000168   0x00000006   Code   RO          637    .ARM.Collect$$rtentry$$00000004  c_w.l(__rtentry4.o)
    0x0800016e   0x00000000   Code   RO          627    .ARM.Collect$$rtentry$$00000009  c_w.l(__rtentry2.o)
    0x0800016e   0x00000004   Code   RO          628    .ARM.Collect$$rtentry$$0000000A  c_w.l(__rtentry2.o)
    0x08000172   0x00000000   Code   RO          630    .ARM.Collect$$rtentry$$0000000C  c_w.l(__rtentry2.o)
    0x08000172   0x00000008   Code   RO          631    .ARM.Collect$$rtentry$$0000000D  c_w.l(__rtentry2.o)
    0x0800017a   0x00000002   Code   RO          652    .ARM.Collect$$rtexit$$00000000  c_w.l(rtexit.o)
    0x0800017c   0x00000000   Code   RO          700    .ARM.Collect$$rtexit$$00000002  c_w.l(rtexit2.o)
    0x0800017c   0x00000004   Code   RO          701    .ARM.Collect$$rtexit$$00000003  c_w.l(rtexit2.o)
    0x08000180   0x00000006   Code   RO          702    .ARM.Collect$$rtexit$$00000004  c_w.l(rtexit2.o)
    0x08000186   0x00000002   PAD
    0x08000188   0x00000248   Code   RO            1    .text               display.o
    0x080003d0   0x0000018c   Code   RO          120    .text               main.o
    0x0800055c   0x000000b0   Code   RO          155    .text               delay.o
    0x0800060c   0x00000204   Code   RO          172    .text               usart1.o
    0x08000810   0x00000204   Code   RO          191    .text               i2c.o
    0x08000a14   0x00000398   Code   RO          203    .text               ds3231.o
    0x08000dac   0x00000120   Code   RO          221    .text               hv57708.o
    0x08000ecc   0x000001e0   Code   RO          245    .text               system_stm32f10x.o
    0x080010ac   0x0000001a   Code   RO          285    .text               stm32f10x_it.o
    0x080010c6   0x00000002   PAD
    0x080010c8   0x00000040   Code   RO          318    .text               startup_stm32f10x_md.o
    0x08001108   0x0000035c   Code   RO          466    .text               stm32f10x_gpio.o
    0x08001464   0x000003a4   Code   RO          514    .text               stm32f10x_rcc.o
    0x08001808   0x00000408   Code   RO          576    .text               stm32f10x_usart.o
    0x08001c10   0x00000006   Code   RO          602    .text               c_w.l(heapauxi.o)
    0x08001c16   0x0000004a   Code   RO          639    .text               c_w.l(sys_stackheap_outer.o)
    0x08001c60   0x0000000c   Code   RO          641    .text               c_w.l(exit.o)
    0x08001c6c   0x00000008   Code   RO          649    .text               c_w.l(libspace.o)
    0x08001c74   0x0000000c   Code   RO          710    .text               c_w.l(sys_exit.o)
    0x08001c80   0x00000002   Code   RO          721    .text               c_w.l(use_no_semi.o)
    0x08001c82   0x00000000   Code   RO          723    .text               c_w.l(indicate_semi.o)
    0x08001c82   0x00000002   PAD
    0x08001c84   0x0000003e   Code   RO          606    x$fpl$ffixu         fz_ws.l(ffixu.o)
    0x08001cc2   0x00000002   PAD
    0x08001cc4   0x00000026   Code   RO          610    x$fpl$ffltu         fz_ws.l(fflt_clz.o)
    0x08001cea   0x00000002   PAD
    0x08001cec   0x00000102   Code   RO          616    x$fpl$fmul          fz_ws.l(fmul.o)
    0x08001dee   0x0000008c   Code   RO          619    x$fpl$fnaninf       fz_ws.l(fnaninf.o)
    0x08001e7a   0x0000000a   Code   RO          621    x$fpl$fretinf       fz_ws.l(fretinf.o)
    0x08001e84   0x00000000   Code   RO          623    x$fpl$usenofp       fz_ws.l(usenofp.o)
    0x08001e84   0x0000003c   Data   RO            2    .constdata          display.o
    0x08001ec0   0x00000020   Data   RO          775    Region$$Table       anon$$obj.o


    Execution Region RW_IRAM1 (Base: 0x20000000, Size: 0x000006c8, Max: 0x00005000, ABSOLUTE)

    Base Addr    Size         Type   Attr      Idx    E Section Name        Object

    0x20000000   0x00000007   Data   RW          121    .data               main.o
    0x20000007   0x00000001   PAD
    0x20000008   0x00000004   Data   RW          156    .data               delay.o
    0x2000000c   0x0000002d   Data   RW          204    .data               ds3231.o
    0x20000039   0x00000001   PAD
    0x2000003a   0x00000004   Data   RW          222    .data               hv57708.o
    0x2000003e   0x00000002   PAD
    0x20000040   0x00000014   Data   RW          246    .data               system_stm32f10x.o
    0x20000054   0x00000014   Data   RW          515    .data               stm32f10x_rcc.o
    0x20000068   0x00000060   Zero   RW          650    .bss                c_w.l(libspace.o)
    0x200000c8   0x00000200   Zero   RW          316    HEAP                startup_stm32f10x_md.o
    0x200002c8   0x00000400   Zero   RW          315    STACK               startup_stm32f10x_md.o


==============================================================================

Image component sizes


      Code (inc. data)   RO Data    RW Data    ZI Data      Debug   Object Name

         0          0          0          0          0         32   core_cm3_1.o
       176          8          0          4          0       1011   delay.o
       584         30         60          0          0     231413   display.o
       920         26          0         45          0       5128   ds3231.o
       288         20          0          4          0       1304   hv57708.o
       516          6          0          0          0       1772   i2c.o
       396         74          0          7          0       1030   main.o
        64         26        236          0       1536        796   startup_stm32f10x_md.o
       860         38          0          0          0       5641   stm32f10x_gpio.o
        26          0          0          0          0       1190   stm32f10x_it.o
       932         36          0         20          0       8812   stm32f10x_rcc.o
      1032         22          0          0          0       8372   stm32f10x_usart.o
       480         38          0         20          0       1743   system_stm32f10x.o
       516         10          0          0          0       3916   usart1.o

    ----------------------------------------------------------------------
      6792        334        328        104       1536     272160   Object Totals
         0          0         32          0          0          0   (incl. Generated)
         2          0          0          4          0          0   (incl. Padding)

    ----------------------------------------------------------------------

      Code (inc. data)   RO Data    RW Data    ZI Data      Debug   Library Member Name

         8          0          0          0          0         68   __main.o
         0          0          0          0          0          0   __rtentry.o
        12          0          0          0          0          0   __rtentry2.o
         6          0          0          0          0          0   __rtentry4.o
        52          8          0          0          0          0   __scatter.o
        26          0          0          0          0          0   __scatter_copy.o
        28          0          0          0          0          0   __scatter_zi.o
        12          0          0          0          0         72   exit.o
         6          0          0          0          0        152   heapauxi.o
         0          0          0          0          0          0   indicate_semi.o
         2          0          0          0          0          0   libinit.o
         2          0          0          0          0          0   libinit2.o
         2          0          0          0          0          0   libshutdown.o
         2          0          0          0          0          0   libshutdown2.o
         8          4          0          0         96         68   libspace.o
         2          0          0          0          0          0   rtexit.o
        10          0          0          0          0          0   rtexit2.o
        12          4          0          0          0         68   sys_exit.o
        74          0          0          0          0         80   sys_stackheap_outer.o
         2          0          0          0          0         68   use_no_semi.o
        62          4          0          0          0         84   ffixu.o
        38          0          0          0          0         68   fflt_clz.o
       258          4          0          0          0         84   fmul.o
       140          4          0          0          0         84   fnaninf.o
        10          0          0          0          0         68   fretinf.o
         0          0          0          0          0          0   usenofp.o

    ----------------------------------------------------------------------
       784         28          0          0         96        964   Library Totals
        10          0          0          0          0          0   (incl. Padding)

    ----------------------------------------------------------------------

      Code (inc. data)   RO Data    RW Data    ZI Data      Debug   Library Name

       266         16          0          0         96        576   c_w.l
       508         12          0          0          0        388   fz_ws.l

    ----------------------------------------------------------------------
       784         28          0          0         96        964   Library Totals

    ----------------------------------------------------------------------

==============================================================================


      Code (inc. data)   RO Data    RW Data    ZI Data      Debug   

      7576        362        328        104       1632     271872   Grand Totals
      7576        362        328        104       1632     271872   ELF Image Totals
      7576        362        328        104          0          0   ROM Totals

==============================================================================

    Total RO  Size (Code + RO Data)                 7904 (   7.72kB)
    Total RW  Size (RW Data + ZI Data)              1736 (   1.70kB)
    Total ROM Size (Code + RO Data + RW Data)       8008 (   7.82kB)

==============================================================================

