<html>
<body>
<pre>
<h1>礦ision Build Log</h1>
<h2>Tool Versions:</h2>
IDE-Version: μVision V5.14.0.0
Copyright (C) 2015 ARM Ltd and ARM Germany GmbH. All rights reserved.
License Information: kombi kombi, kombi-studio, LIC=P6F56-DKZ4G-LVL1I-T8QR1-2EWBV-VBH17
 
Tool Versions:
Toolchain:       MDK-ARM Professional  Version: 5.14.0.0
Toolchain Path:  C:\Keil_v5\ARM\ARMCC\Bin
C Compiler:      Armcc.exe V5.05 update 1 (build 106)
Assembler:       Armasm.exe V5.05 update 1 (build 106)
Linker/Locator:  ArmLink.exe V5.05 update 1 (build 106)
Library Manager: ArmAr.exe V5.05 update 1 (build 106)
Hex Converter:   FromElf.exe V5.05 update 1 (build 106)
CPU DLL:         SARMCM3.DLL V5.14.0.0
Dialog DLL:      DARMSTM.DLL V1.65.0.0
Target DLL:      Segger\JL2CM3.dll V2.99.13.0
Dialog DLL:      TARMSTM.DLL V1.64.0.0
 
<h2>Project:</h2>
C:\Users\kombi\Desktop\个人项目\辉光管\clock\firm\mycode\clock.uvprojx
Project File Date:  04/07/2017

<h2>Output:</h2>
Build target 'clock'
compiling main.c...
program\main.c(29): warning:  #223-D: function "IIC_Config" declared implicitly
        IIC_Config();
program\main.c(99): warning:  #1-D: last line of file ends without a newline
  }
program\main.c: 2 warnings, 0 errors
linking...
Program Size: Code=7576 RO-data=328 RW-data=104 ZI-data=1632  
"..\obj\clock.axf" - 0 Error(s), 2 Warning(s).

<h2>Collection of Component include folders:</h2>
  C:\Users\kombi\Desktop\个人项目\辉光管\clock\firm\mycode\RTE
  C:\Keil_v5\ARM\PACK\Keil\STM32F1xx_DFP\2.1.0

<h2>Collection of Component Files used:</h2>
</pre>
</body>
</html>
