Component: ARM Compiler 5.05 update 1 (build 106) Tool: armlink [4d0efa]

==============================================================================

Section Cross References

    main.o(i.__sti___8_main_cpp_myled) refers to mbed_gpio.o(i.gpio_init_out) for gpio_init_out
    main.o(i.__sti___8_main_cpp_myled) refers to main.o(.bss) for .bss
    main.o(i.main) refers to mbed_assert.o(i.mbed_assert_internal) for mbed_assert_internal
    main.o(i.main) refers to mbed_wait_api_no_rtos.o(i.wait) for wait
    main.o(i.main) refers to main.o(.bss) for .bss
    main.o(.ARM.exidx) refers to main.o(i.main) for i.main
    main.o(.ARM.exidx) refers to main.o(i.__sti___8_main_cpp_myled) for i.__sti___8_main_cpp_myled
    main.o(.init_array) refers to main.o(i.__sti___8_main_cpp_myled) for __sti___8_main_cpp_myled
    main.o(.init_array) refers to init_aeabi.o(.text) for __cpp_initialize__aeabi_
    stm32f1xx_hal_smartcard.o(i.HAL_SMARTCARD_DeInit) refers to stm32f1xx_hal_smartcard.o(i.HAL_SMARTCARD_MspDeInit) for HAL_SMARTCARD_MspDeInit
    stm32f1xx_hal_smartcard.o(i.HAL_SMARTCARD_IRQHandler) refers to stm32f1xx_hal_smartcard.o(i.HAL_SMARTCARD_RxCpltCallback) for HAL_SMARTCARD_RxCpltCallback
    stm32f1xx_hal_smartcard.o(i.HAL_SMARTCARD_IRQHandler) refers to stm32f1xx_hal_smartcard.o(i.HAL_SMARTCARD_TxCpltCallback) for HAL_SMARTCARD_TxCpltCallback
    stm32f1xx_hal_smartcard.o(i.HAL_SMARTCARD_IRQHandler) refers to stm32f1xx_hal_smartcard.o(i.HAL_SMARTCARD_ErrorCallback) for HAL_SMARTCARD_ErrorCallback
    stm32f1xx_hal_smartcard.o(i.HAL_SMARTCARD_Init) refers to stm32f1xx_hal_smartcard.o(i.HAL_SMARTCARD_MspInit) for HAL_SMARTCARD_MspInit
    stm32f1xx_hal_smartcard.o(i.HAL_SMARTCARD_Init) refers to stm32f1xx_hal_rcc.o(i.HAL_RCC_GetPCLK1Freq) for HAL_RCC_GetPCLK1Freq
    stm32f1xx_hal_smartcard.o(i.HAL_SMARTCARD_Init) refers to stm32f1xx_hal_rcc.o(i.HAL_RCC_GetPCLK2Freq) for HAL_RCC_GetPCLK2Freq
    stm32f1xx_hal_smartcard.o(i.HAL_SMARTCARD_Receive) refers to stm32f1xx_hal.o(i.HAL_GetTick) for HAL_GetTick
    stm32f1xx_hal_smartcard.o(i.HAL_SMARTCARD_Receive_DMA) refers to stm32f1xx_hal_dma.o(i.HAL_DMA_Start_IT) for HAL_DMA_Start_IT
    stm32f1xx_hal_smartcard.o(i.HAL_SMARTCARD_Receive_DMA) refers to stm32f1xx_hal_smartcard.o(i.SMARTCARD_DMAReceiveCplt) for SMARTCARD_DMAReceiveCplt
    stm32f1xx_hal_smartcard.o(i.HAL_SMARTCARD_Receive_DMA) refers to stm32f1xx_hal_smartcard.o(i.SMARTCARD_DMAError) for SMARTCARD_DMAError
    stm32f1xx_hal_smartcard.o(i.HAL_SMARTCARD_Transmit) refers to stm32f1xx_hal.o(i.HAL_GetTick) for HAL_GetTick
    stm32f1xx_hal_smartcard.o(i.HAL_SMARTCARD_Transmit_DMA) refers to stm32f1xx_hal_dma.o(i.HAL_DMA_Start_IT) for HAL_DMA_Start_IT
    stm32f1xx_hal_smartcard.o(i.HAL_SMARTCARD_Transmit_DMA) refers to stm32f1xx_hal_smartcard.o(i.SMARTCARD_DMATransmitCplt) for SMARTCARD_DMATransmitCplt
    stm32f1xx_hal_smartcard.o(i.HAL_SMARTCARD_Transmit_DMA) refers to stm32f1xx_hal_smartcard.o(i.SMARTCARD_DMAError) for SMARTCARD_DMAError
    stm32f1xx_hal_smartcard.o(i.SMARTCARD_DMAError) refers to stm32f1xx_hal_smartcard.o(i.HAL_SMARTCARD_ErrorCallback) for HAL_SMARTCARD_ErrorCallback
    stm32f1xx_hal_smartcard.o(i.SMARTCARD_DMAReceiveCplt) refers to stm32f1xx_hal_smartcard.o(i.HAL_SMARTCARD_RxCpltCallback) for HAL_SMARTCARD_RxCpltCallback
    analogin_api.o(i.adc_read) refers to stm32f1xx_hal_adc.o(i.HAL_ADC_ConfigChannel) for HAL_ADC_ConfigChannel
    analogin_api.o(i.adc_read) refers to stm32f1xx_hal_adc.o(i.HAL_ADC_Start) for HAL_ADC_Start
    analogin_api.o(i.adc_read) refers to stm32f1xx_hal_adc.o(i.HAL_ADC_PollForConversion) for HAL_ADC_PollForConversion
    analogin_api.o(i.adc_read) refers to stm32f1xx_hal_adc.o(i.HAL_ADC_GetValue) for HAL_ADC_GetValue
    analogin_api.o(i.adc_read) refers to analogin_api.o(.bss) for .bss
    analogin_api.o(i.analogin_init) refers to mbed_pinmap_common.o(i.pinmap_peripheral) for pinmap_peripheral
    analogin_api.o(i.analogin_init) refers to mbed_assert.o(i.mbed_assert_internal) for mbed_assert_internal
    analogin_api.o(i.analogin_init) refers to mbed_pinmap_common.o(i.pinmap_function) for pinmap_function
    analogin_api.o(i.analogin_init) refers to mbed_pinmap_common.o(i.pinmap_pinout) for pinmap_pinout
    analogin_api.o(i.analogin_init) refers to stm32f1xx_hal_rcc_ex.o(i.HAL_RCCEx_PeriphCLKConfig) for HAL_RCCEx_PeriphCLKConfig
    analogin_api.o(i.analogin_init) refers to stm32f1xx_hal_adc.o(i.HAL_ADC_Init) for HAL_ADC_Init
    analogin_api.o(i.analogin_init) refers to PeripheralPins.o(.constdata) for PinMap_ADC
    analogin_api.o(i.analogin_init) refers to analogin_api.o(.conststring) for .conststring
    analogin_api.o(i.analogin_init) refers to analogin_api.o(.data) for .data
    analogin_api.o(i.analogin_init) refers to analogin_api.o(.bss) for .bss
    analogin_api.o(i.analogin_read) refers to analogin_api.o(i.adc_read) for adc_read
    analogin_api.o(i.analogin_read) refers to fflt_clz.o(x$fpl$ffltu) for __aeabi_ui2f
[...]
    x$fpl$ffix                               0x08004d44   Section       54  ffix.o(x$fpl$ffix)
    x$fpl$fmul                               0x08004d7c   Section      258  fmul.o(x$fpl$fmul)
    x$fpl$fnaninf                            0x08004e7e   Section      140  fnaninf.o(x$fpl$fnaninf)
    x$fpl$fretinf                            0x08004f0a   Section       10  fretinf.o(x$fpl$fretinf)
    x$fpl$printf1                            0x08004f14   Section        4  printf1.o(x$fpl$printf1)
    x$fpl$printf2                            0x08004f18   Section        4  printf2.o(x$fpl$printf2)
    .constdata                               0x08004f1c   Section       72  PeripheralPins.o(.constdata)
    x$fpl$usenofp                            0x08004f1c   Section        0  usenofp.o(x$fpl$usenofp)
    .constdata                               0x08004f64   Section       72  PeripheralPins.o(.constdata)
    .constdata                               0x08004fac   Section       52  pinmap.o(.constdata)
    gpio_mode                                0x08004fac   Data          52  pinmap.o(.constdata)
    .constdata                               0x08004fe0   Section       23  retarget.o(.constdata)
    .constdata                               0x08004ff7   Section       16  system_stm32f1xx.o(.constdata)
    .constdata                               0x08005007   Section        8  system_stm32f1xx.o(.constdata)
    .constdata                               0x08005010   Section       20  mbed_us_ticker_api.o(.constdata)
    us_interface                             0x08005010   Data          20  mbed_us_ticker_api.o(.constdata)
    .constdata                               0x08005024   Section        8  mbed_us_ticker_api.o(.constdata)
    us_data                                  0x08005024   Data           8  mbed_us_ticker_api.o(.constdata)
    .constdata                               0x0800502c   Section        8  _printf_wctomb.o(.constdata)
    initial_mbstate                          0x0800502c   Data           8  _printf_wctomb.o(.constdata)
    .constdata                               0x08005034   Section       40  _printf_hex_int_ll_ptr.o(.constdata)
    uc_hextab                                0x08005034   Data          20  _printf_hex_int_ll_ptr.o(.constdata)
    lc_hextab                                0x08005048   Data          20  _printf_hex_int_ll_ptr.o(.constdata)
    .constdata                               0x0800505c   Section       17  __printf_flags_ss_wp.o(.constdata)
    maptable                                 0x0800505c   Data          17  __printf_flags_ss_wp.o(.constdata)
    .constdata                               0x0800506d   Section       38  _printf_fp_hex.o(.constdata)
    lc_hextab                                0x0800506d   Data          19  _printf_fp_hex.o(.constdata)
    uc_hextab                                0x08005080   Data          19  _printf_fp_hex.o(.constdata)
    .constdata                               0x08005094   Section      148  bigflt0.o(.constdata)
    tenpwrs_x                                0x08005094   Data          60  bigflt0.o(.constdata)
    tenpwrs_i                                0x080050d0   Data          64  bigflt0.o(.constdata)
    .constdata__ZZN12SingletonPtrI13PlatformMutexE3getEvEs 0x08005128   Section       20  retarget.o(.constdata__ZZN12SingletonPtrI13PlatformMutexE3getEvEs)
    .constdata__ZZN12SingletonPtrI13PlatformMutexE3getEvEs_0 0x0800513c   Section       77  retarget.o(.constdata__ZZN12SingletonPtrI13PlatformMutexE3getEvEs_0)
    .conststring                             0x0800518c   Section       72  gpio_api.o(.conststring)
    .conststring                             0x080051d4   Section       85  pinmap.o(.conststring)
    .conststring                             0x0800522c   Section       89  serial_api.o(.conststring)
    .conststring                             0x08005288   Section       99  mbed_gpio.o(.conststring)
    .conststring                             0x080052ec   Section       67  mbed_critical.o(.conststring)
    locale$$data                             0x08005350   Section       28  lc_numeric_c.o(locale$$data)
    __lcnum_c_name                           0x08005354   Data           2  lc_numeric_c.o(locale$$data)
    __lcnum_c_start                          0x0800535c   Data           0  lc_numeric_c.o(locale$$data)
    __lcnum_c_point                          0x08005368   Data           0  lc_numeric_c.o(locale$$data)
    __lcnum_c_thousands                      0x0800536a   Data           0  lc_numeric_c.o(locale$$data)
    __lcnum_c_grouping                       0x0800536b   Data           0  lc_numeric_c.o(locale$$data)
    locale$$data                             0x0800536c   Section      272  lc_ctype_c.o(locale$$data)
    __lcnum_c_end                            0x0800536c   Data           0  lc_numeric_c.o(locale$$data)
    __lcctype_c_name                         0x08005370   Data           2  lc_ctype_c.o(locale$$data)
    __lcctype_c_start                        0x08005378   Data           0  lc_ctype_c.o(locale$$data)
    .init_array                              0x0800547c   Section        4  main.o(.init_array)
    __lcctype_c_end                          0x0800547c   Data           0  lc_ctype_c.o(locale$$data)
    .init_array                              0x08005480   Section        0  init_aeabi.o(.init_array)
    .data                                    0x200000ec   Section        8  can_api.o(.data)
    can_irq_ids                              0x200000ec   Data           4  can_api.o(.data)
    irq_handler                              0x200000f0   Data           4  can_api.o(.data)
    .data                                    0x200000f4   Section        4  hal_tick_16b.o(.data)
    .data                                    0x200000f8   Section        8  retarget.o(.data)
    filehandle_mutex                         0x200000f8   Data           8  retarget.o(.data)
    .data                                    0x20000100   Section        8  serial_api.o(.data)
    irq_handler                              0x20000104   Data           4  serial_api.o(.data)
    .data                                    0x20000108   Section        4  stm32f1xx_hal.o(.data)
    uwTick                                   0x20000108   Data           4  stm32f1xx_hal.o(.data)
    .data                                    0x2000010c   Section        4  system_stm32f1xx.o(.data)
    .data                                    0x20000110   Section       20  us_ticker_16b.o(.data)
    us_ticker_inited                         0x20000120   Data           4  us_ticker_16b.o(.data)
    .data                                    0x20000124   Section        8  mbed_us_ticker_api.o(.data)
    events                                   0x20000124   Data           8  mbed_us_ticker_api.o(.data)
    .data                                    0x2000012c   Section        8  mbed_critical.o(.data)
    critical_interrupts_disabled             0x2000012c   Data           1  mbed_critical.o(.data)
    interrupt_enable_counter                 0x20000130   Data           4  mbed_critical.o(.data)
    .data                                    0x20000134   Section       12  FileBase.o(.data)
    .data                                    0x20000140   Section        4  stdio_streams.o(.data)
    .data                                    0x20000144   Section        4  stdio_streams.o(.data)
    .data                                    0x20000148   Section        4  stdio_streams.o(.data)
    .data                                    0x2000014c   Section        4  heapauxa.o(.data)
    __rt_heap_escrow_base                    0x2000014c   Data           4  heapauxa.o(.data)
    .bss                                     0x20000150   Section       20  main.o(.bss)
    .bss                                     0x20000164   Section       64  can_api.o(.bss)
    CanHandle                                0x20000164   Data          64  can_api.o(.bss)
    .bss                                     0x200001a4   Section       64  retarget.o(.bss)
    filehandles                              0x200001a4   Data          64  retarget.o(.bss)
    .bss                                     0x200001e4   Section      280  serial_api.o(.bss)
    serial_irq_ids                           0x200001e4   Data          12  serial_api.o(.bss)
    uart_handlers                            0x200001f0   Data         192  serial_api.o(.bss)
    .bss                                     0x200002fc   Section       60  us_ticker_16b.o(.bss)
    .bss                                     0x20000338   Section       84  stdio_streams.o(.bss)
    .bss                                     0x2000038c   Section       84  stdio_streams.o(.bss)
    .bss                                     0x200003e0   Section       84  stdio_streams.o(.bss)
    .bss                                     0x20000434   Section        4  rt_heap_descriptor.o(.bss)
    __rt_heap_descriptor_data                0x20000434   Data           4  rt_heap_descriptor.o(.bss)
    .bss                                     0x20000438   Section       20  rt_locale.o(.bss)
    __rt_locale_data                         0x20000438   Data          20  rt_locale.o(.bss)
    .bss                                     0x2000044c   Section        4  rt_errno_addr.o(.bss)
    __aeabi_errno_addr_data                  0x2000044c   Data           4  rt_errno_addr.o(.bss)

    Global Symbols

    Symbol Name                              Value     Ov Type        Size  Object(Section)

    BuildAttributes$$THM_ISAv4$P$D$K$B$S$PE$A:L22UL41UL21$X:L11$S22US41US21$IEEE1$IW$USESV6$~STKCKD$USESV7$~SHL$OTIME$ROPI$IEEEJ$EBA8$UX$STANDARDLIB$REQ8$PRES8$EABIv2 0x00000000   Number         0  anon$$obj.o ABSOLUTE
    __ARM_use_no_argv                        0x00000000   Number         0  main.o ABSOLUTE
    _printf_flags                            0x00000000   Number         0  printf_stubs.o ABSOLUTE
    _printf_return_value                     0x00000000   Number         0  printf_stubs.o ABSOLUTE
    _printf_sizespec                         0x00000000   Number         0  printf_stubs.o ABSOLUTE
    _printf_widthprec                        0x00000000   Number         0  printf_stubs.o ABSOLUTE
    __ARM::default_unexpected_handler()       - Undefined Weak Reference
    __ARM_exceptions_buffer_required          - Undefined Weak Reference
    __ARM_exceptions_init                     - Undefined Weak Reference
    __alloca_initialize                       - Undefined Weak Reference
    __arm_preinit_                            - Undefined Weak Reference
    __rt_lib_shutdown                         - Undefined Weak Reference
    __sigvec_lookup                           - Undefined Weak Reference
    __user_heap_extent                        - Undefined Weak Reference
    _atexit_init                              - Undefined Weak Reference
    _clock_init                               - Undefined Weak Reference
    _fp_trap_init                             - Undefined Weak Reference
    _fp_trap_shutdown                         - Undefined Weak Reference
    _get_lc_collate                           - Undefined Weak Reference
    _get_lc_monetary                          - Undefined Weak Reference
    _get_lc_time                              - Undefined Weak Reference
    _getenv_init                              - Undefined Weak Reference
    _handle_redirection                       - Undefined Weak Reference
    _mutex_acquire                            - Undefined Weak Reference
    _mutex_free                               - Undefined Weak Reference
    _mutex_release                            - Undefined Weak Reference
    _printf_mbtowc                            - Undefined Weak Reference
    _printf_wc                                - Undefined Weak Reference
    _rand_init                                - Undefined Weak Reference
    _scanf_longlong                           - Undefined Weak Reference
    _scanf_mbtowc                             - Undefined Weak Reference
    _scanf_real                               - Undefined Weak Reference
    _scanf_string                             - Undefined Weak Reference
    _scanf_wctomb                             - Undefined Weak Reference
    _scanf_wstring                            - Undefined Weak Reference
    _signal_finish                            - Undefined Weak Reference
    _signal_init                              - Undefined Weak Reference
    __Vectors_Size                           0x000000ec   Number         0  startup_stm32f103xb.o ABSOLUTE
    __Vectors                                0x08000000   Data           4  startup_stm32f103xb.o(RESET)
    __Vectors_End                            0x080000ec   Data           0  startup_stm32f103xb.o(RESET)
    __main                                   0x080000ed   Thumb Code     8  __main.o(!!!main)
    __scatterload                            0x080000f5   Thumb Code     0  __scatter.o(!!!scatter)
    __scatterload_rt2                        0x080000f5   Thumb Code    44  __scatter.o(!!!scatter)
    __scatterload_rt2_thumb_only             0x080000f5   Thumb Code     0  __scatter.o(!!!scatter)
    __scatterload_null                       0x08000103   Thumb Code     0  __scatter.o(!!!scatter)
    __scatterload_copy                       0x08000129   Thumb Code    26  __scatter_copy.o(!!handler_copy)
    __scatterload_zeroinit                   0x08000145   Thumb Code    28  __scatter_zi.o(!!handler_zi)
    _printf_n                                0x08000161   Thumb Code     0  _printf_n.o(.ARM.Collect$$_printf_percent$$00000001)
    _printf_percent                          0x08000161   Thumb Code     0  _printf_percent.o(.ARM.Collect$$_printf_percent$$00000000)
    _printf_p                                0x08000167   Thumb Code     0  _printf_p.o(.ARM.Collect$$_printf_percent$$00000002)
    _printf_f                                0x0800016d   Thumb Code     0  _printf_f.o(.ARM.Collect$$_printf_percent$$00000003)
    _printf_e                                0x08000173   Thumb Code     0  _printf_e.o(.ARM.Collect$$_printf_percent$$00000004)
    _printf_g                                0x08000179   Thumb Code     0  _printf_g.o(.ARM.Collect$$_printf_percent$$00000005)
    _printf_a                                0x0800017f   Thumb Code     0  _printf_a.o(.ARM.Collect$$_printf_percent$$00000006)
    _printf_ll                               0x08000185   Thumb Code     0  _printf_ll.o(.ARM.Collect$$_printf_percent$$00000007)
    _printf_i                                0x0800018f   Thumb Code     0  _printf_i.o(.ARM.Collect$$_printf_percent$$00000008)
    _printf_d                                0x08000195   Thumb Code     0  _printf_d.o(.ARM.Collect$$_printf_percent$$00000009)
    _printf_u                                0x0800019b   Thumb Code     0  _printf_u.o(.ARM.Collect$$_printf_percent$$0000000A)
    _printf_o                                0x080001a1   Thumb Code     0  _printf_o.o(.ARM.Collect$$_printf_percent$$0000000B)
    _printf_x                                0x080001a7   Thumb Code     0  _printf_x.o(.ARM.Collect$$_printf_percent$$0000000C)
    _printf_lli                              0x080001ad   Thumb Code     0  _printf_lli.o(.ARM.Collect$$_printf_percent$$0000000D)
    _printf_lld                              0x080001b3   Thumb Code     0  _printf_lld.o(.ARM.Collect$$_printf_percent$$0000000E)
    _printf_llu                              0x080001b9   Thumb Code     0  _printf_llu.o(.ARM.Collect$$_printf_percent$$0000000F)
    _printf_llo                              0x080001bf   Thumb Code     0  _printf_llo.o(.ARM.Collect$$_printf_percent$$00000010)
    _printf_llx                              0x080001c5   Thumb Code     0  _printf_llx.o(.ARM.Collect$$_printf_percent$$00000011)
    _printf_l                                0x080001cb   Thumb Code     0  _printf_l.o(.ARM.Collect$$_printf_percent$$00000012)
    _printf_c                                0x080001d5   Thumb Code     0  _printf_c.o(.ARM.Collect$$_printf_percent$$00000013)
    _printf_s                                0x080001db   Thumb Code     0  _printf_s.o(.ARM.Collect$$_printf_percent$$00000014)
    _printf_lc                               0x080001e1   Thumb Code     0  _printf_lc.o(.ARM.Collect$$_printf_percent$$00000015)
    _printf_ls                               0x080001e7   Thumb Code     0  _printf_ls.o(.ARM.Collect$$_printf_percent$$00000016)
    _printf_percent_end                      0x080001ed   Thumb Code     0  _printf_percent_end.o(.ARM.Collect$$_printf_percent$$00000017)
    __rt_lib_init                            0x080001f1   Thumb Code     0  libinit.o(.ARM.Collect$$libinit$$00000000)
    __rt_lib_init_fp_1                       0x080001f3   Thumb Code     0  libinit2.o(.ARM.Collect$$libinit$$00000002)
    __rt_lib_init_heap_2                     0x080001f3   Thumb Code     0  libinit2.o(.ARM.Collect$$libinit$$00000005)
    __rt_lib_init_preinit_1                  0x080001f3   Thumb Code     0  libinit2.o(.ARM.Collect$$libinit$$00000004)
    __rt_lib_init_heap_1                     0x080001fb   Thumb Code     0  libinit2.o(.ARM.Collect$$libinit$$0000000A)
    __rt_lib_init_lc_common                  0x080001fb   Thumb Code     0  libinit2.o(.ARM.Collect$$libinit$$0000000F)
    __rt_lib_init_rand_1                     0x080001fb   Thumb Code     0  libinit2.o(.ARM.Collect$$libinit$$0000000E)
    __rt_lib_init_user_alloc_1               0x080001fb   Thumb Code     0  libinit2.o(.ARM.Collect$$libinit$$0000000C)
    __rt_lib_init_lc_collate_1               0x08000201   Thumb Code     0  libinit2.o(.ARM.Collect$$libinit$$00000011)
    __rt_lib_init_lc_ctype_2                 0x08000201   Thumb Code     0  libinit2.o(.ARM.Collect$$libinit$$00000012)
    __rt_lib_init_lc_ctype_1                 0x0800020d   Thumb Code     0  libinit2.o(.ARM.Collect$$libinit$$00000013)
    __rt_lib_init_lc_monetary_1              0x0800020d   Thumb Code     0  libinit2.o(.ARM.Collect$$libinit$$00000015)
    __rt_lib_init_lc_numeric_2               0x0800020d   Thumb Code     0  libinit2.o(.ARM.Collect$$libinit$$00000016)
    __rt_lib_init_atexit_1                   0x08000217   Thumb Code     0  libinit2.o(.ARM.Collect$$libinit$$0000001B)
    __rt_lib_init_clock_1                    0x08000217   Thumb Code     0  libinit2.o(.ARM.Collect$$libinit$$00000021)
    __rt_lib_init_fp_trap_1                  0x08000217   Thumb Code     0  libinit2.o(.ARM.Collect$$libinit$$0000001F)
    __rt_lib_init_getenv_1                   0x08000217   Thumb Code     0  libinit2.o(.ARM.Collect$$libinit$$00000023)
    __rt_lib_init_lc_numeric_1               0x08000217   Thumb Code     0  libinit2.o(.ARM.Collect$$libinit$$00000017)
    __rt_lib_init_lc_time_1                  0x08000217   Thumb Code     0  libinit2.o(.ARM.Collect$$libinit$$00000019)
    __rt_lib_init_signal_1                   0x08000217   Thumb Code     0  libinit2.o(.ARM.Collect$$libinit$$0000001D)
    __rt_lib_init_stdio_2                    0x08000217   Thumb Code     0  libinit2.o(.ARM.Collect$$libinit$$00000024)
    __rt_lib_init_alloca_1                   0x0800021b   Thumb Code     0  libinit2.o(.ARM.Collect$$libinit$$0000002E)
    __rt_lib_init_argv_1                     0x0800021b   Thumb Code     0  libinit2.o(.ARM.Collect$$libinit$$0000002C)
    __rt_lib_init_cpp_2                      0x0800021b   Thumb Code     0  libinit2.o(.ARM.Collect$$libinit$$00000031)
    __rt_lib_init_exceptions_1               0x0800021b   Thumb Code     0  libinit2.o(.ARM.Collect$$libinit$$00000030)
    __rt_lib_init_stdio_1                    0x0800021b   Thumb Code     0  libinit2.o(.ARM.Collect$$libinit$$00000025)
    __rt_lib_init_cpp_1                      0x0800021f   Thumb Code     0  libinit2.o(.ARM.Collect$$libinit$$00000032)
    __rt_lib_init_return                     0x0800021f   Thumb Code     0  libinit2.o(.ARM.Collect$$libinit$$00000033)
    __rt_entry                               0x08000221   Thumb Code     0  __rtentry.o(.ARM.Collect$$rtentry$$00000000)
    __rt_entry_presh_1                       0x08000221   Thumb Code     0  __rtentry2.o(.ARM.Collect$$rtentry$$00000002)
    __rt_entry_sh                            0x08000221   Thumb Code     0  __rtentry4.o(.ARM.Collect$$rtentry$$00000004)
    __rt_lib_shutdown_stdio_2                0x08000221   Thumb Code     0  libshutdown2.o(.ARM.Collect$$libshutdown$$00000003)
    __rt_entry_postsh_1                      0x08000227   Thumb Code     0  __rtentry2.o(.ARM.Collect$$rtentry$$00000008)
    __rt_entry_li                            0x0800022f   Thumb Code     0  __rtentry2.o(.ARM.Collect$$rtentry$$0000000A)
    __rt_entry_main                          0x08000233   Thumb Code     0  __rtentry2.o(.ARM.Collect$$rtentry$$0000000D)
    __rt_entry_postli_1                      0x08000233   Thumb Code     0  __rtentry2.o(.ARM.Collect$$rtentry$$0000000C)
    Reset_Handler                            0x0800023d   Thumb Code     8  startup_stm32f103xb.o(.text)
    _maybe_terminate_alloc                   0x0800023d   Thumb Code     0  maybetermalloc1.o(.emb_text)
    NMI_Handler                              0x08000245   Thumb Code     2  startup_stm32f103xb.o(.text)
    HardFault_Handler                        0x08000247   Thumb Code     2  startup_stm32f103xb.o(.text)
    MemManage_Handler                        0x08000249   Thumb Code     2  startup_stm32f103xb.o(.text)
    BusFault_Handler                         0x0800024b   Thumb Code     2  startup_stm32f103xb.o(.text)
    UsageFault_Handler                       0x0800024d   Thumb Code     2  startup_stm32f103xb.o(.text)
    SVC_Handler                              0x0800024f   Thumb Code     2  startup_stm32f103xb.o(.text)
    DebugMon_Handler                         0x08000251   Thumb Code     2  startup_stm32f103xb.o(.text)
    PendSV_Handler                           0x08000253   Thumb Code     2  startup_stm32f103xb.o(.text)
    SysTick_Handler                          0x08000255   Thumb Code     2  startup_stm32f103xb.o(.text)
    ADC1_2_IRQHandler                        0x08000257   Thumb Code     0  startup_stm32f103xb.o(.text)
    CAN1_RX1_IRQHandler                      0x08000257   Thumb Code     0  startup_stm32f103xb.o(.text)
    DMA1_Channel1_IRQHandler                 0x08000257   Thumb Code     0  startup_stm32f103xb.o(.text)
    DMA1_Channel2_IRQHandler                 0x08000257   Thumb Code     0  startup_stm32f103xb.o(.text)
    DMA1_Channel3_IRQHandler                 0x08000257   Thumb Code     0  startup_stm32f103xb.o(.text)
    DMA1_Channel4_IRQHandler                 0x08000257   Thumb Code     0  startup_stm32f103xb.o(.text)
    DMA1_Channel5_IRQHandler                 0x08000257   Thumb Code     0  startup_stm32f103xb.o(.text)
    DMA1_Channel6_IRQHandler                 0x08000257   Thumb Code     0  startup_stm32f103xb.o(.text)
    DMA1_Channel7_IRQHandler                 0x08000257   Thumb Code     0  startup_stm32f103xb.o(.text)
    EXTI0_IRQHandler                         0x08000257   Thumb Code     0  startup_stm32f103xb.o(.text)
    EXTI15_10_IRQHandler                     0x08000257   Thumb Code     0  startup_stm32f103xb.o(.text)
    EXTI1_IRQHandler                         0x08000257   Thumb Code     0  startup_stm32f103xb.o(.text)
    EXTI2_IRQHandler                         0x08000257   Thumb Code     0  startup_stm32f103xb.o(.text)
    EXTI3_IRQHandler                         0x08000257   Thumb Code     0  startup_stm32f103xb.o(.text)
    EXTI4_IRQHandler                         0x08000257   Thumb Code     0  startup_stm32f103xb.o(.text)
    EXTI9_5_IRQHandler                       0x08000257   Thumb Code     0  startup_stm32f103xb.o(.text)
    FLASH_IRQHandler                         0x08000257   Thumb Code     0  startup_stm32f103xb.o(.text)
    I2C1_ER_IRQHandler                       0x08000257   Thumb Code     0  startup_stm32f103xb.o(.text)
    I2C1_EV_IRQHandler                       0x08000257   Thumb Code     0  startup_stm32f103xb.o(.text)
    I2C2_ER_IRQHandler                       0x08000257   Thumb Code     0  startup_stm32f103xb.o(.text)
    I2C2_EV_IRQHandler                       0x08000257   Thumb Code     0  startup_stm32f103xb.o(.text)
    PVD_IRQHandler                           0x08000257   Thumb Code     0  startup_stm32f103xb.o(.text)
    RCC_IRQHandler                           0x08000257   Thumb Code     0  startup_stm32f103xb.o(.text)
    RTC_Alarm_IRQHandler                     0x08000257   Thumb Code     0  startup_stm32f103xb.o(.text)
    RTC_IRQHandler                           0x08000257   Thumb Code     0  startup_stm32f103xb.o(.text)
    SPI1_IRQHandler                          0x08000257   Thumb Code     0  startup_stm32f103xb.o(.text)
    SPI2_IRQHandler                          0x08000257   Thumb Code     0  startup_stm32f103xb.o(.text)
    TAMPER_IRQHandler                        0x08000257   Thumb Code     0  startup_stm32f103xb.o(.text)
    TIM1_BRK_IRQHandler                      0x08000257   Thumb Code     0  startup_stm32f103xb.o(.text)
    TIM1_CC_IRQHandler                       0x08000257   Thumb Code     0  startup_stm32f103xb.o(.text)
    TIM1_TRG_COM_IRQHandler                  0x08000257   Thumb Code     0  startup_stm32f103xb.o(.text)
    TIM1_UP_IRQHandler                       0x08000257   Thumb Code     0  startup_stm32f103xb.o(.text)
    TIM2_IRQHandler                          0x08000257   Thumb Code     0  startup_stm32f103xb.o(.text)
    TIM3_IRQHandler                          0x08000257   Thumb Code     0  startup_stm32f103xb.o(.text)
    TIM4_IRQHandler                          0x08000257   Thumb Code     0  startup_stm32f103xb.o(.text)
    USART1_IRQHandler                        0x08000257   Thumb Code     0  startup_stm32f103xb.o(.text)
    USART2_IRQHandler                        0x08000257   Thumb Code     0  startup_stm32f103xb.o(.text)
    USART3_IRQHandler                        0x08000257   Thumb Code     0  startup_stm32f103xb.o(.text)
    USBWakeUp_IRQHandler                     0x08000257   Thumb Code     0  startup_stm32f103xb.o(.text)
    WWDG_IRQHandler                          0x08000257   Thumb Code     0  startup_stm32f103xb.o(.text)
    malloc                                   0x08000261   Thumb Code    94  h1_alloc.o(.text)
    free                                     0x080002bf   Thumb Code    78  h1_free.o(.text)
    vsprintf                                 0x0800030d   Thumb Code    32  vsprintf.o(.text)
    __0sscanf                                0x08000331   Thumb Code    52  __0sscanf.o(.text)
    _scanf_int                               0x0800036d   Thumb Code   332  _scanf_int.o(.text)
    _do_fflush                               0x080004b9   Thumb Code    54  fflush.o(.text)
    fflush                                   0x080004ef   Thumb Code    42  fflush.o(.text)
    strlen                                   0x0800051d   Thumb Code    62  strlen.o(.text)
    strncmp                                  0x0800055b   Thumb Code   150  strncmp.o(.text)
    __aeabi_memcpy4                          0x080005f1   Thumb Code     0  rt_memcpy_w.o(.text)
    __aeabi_memcpy8                          0x080005f1   Thumb Code     0  rt_memcpy_w.o(.text)
    __rt_memcpy_w                            0x080005f1   Thumb Code   100  rt_memcpy_w.o(.text)
    _memcpy_lastbytes_aligned                0x08000639   Thumb Code     0  rt_memcpy_w.o(.text)
    __aeabi_memclr4                          0x08000655   Thumb Code     0  rt_memclr_w.o(.text)
    __aeabi_memclr8                          0x08000655   Thumb Code     0  rt_memclr_w.o(.text)
    __rt_memclr_w                            0x08000655   Thumb Code    78  rt_memclr_w.o(.text)
    _memset_w                                0x08000659   Thumb Code     0  rt_memclr_w.o(.text)
    strcmp                                   0x080006a5   Thumb Code   128  strcmpv7m.o(.text)
    __cpp_initialize__aeabi_                 0x08000725   Thumb Code    26  init_aeabi.o(.text)
    __rt_heap_descriptor                     0x08000749   Thumb Code     8  rt_heap_descriptor.o(.text)
    __use_no_heap                            0x08000751   Thumb Code     2  hguard.o(.text)
    __heap$guard                             0x08000753   Thumb Code     2  hguard.o(.text)
    _terminate_user_alloc                    0x08000755   Thumb Code     2  init_alloc.o(.text)
    _init_user_alloc                         0x08000757   Thumb Code     2  init_alloc.o(.text)
    __Heap_Full                              0x08000759   Thumb Code    34  init_alloc.o(.text)
    __Heap_Broken                            0x0800077b   Thumb Code     6  init_alloc.o(.text)
    _init_alloc                              0x08000781   Thumb Code    94  init_alloc.o(.text)
    __Heap_Initialize                        0x080007df   Thumb Code    10  h1_init.o(.text)
    __Heap_DescSize                          0x080007e9   Thumb Code     4  h1_init.o(.text)
    _printf_pre_padding                      0x080007ed   Thumb Code    44  _printf_pad.o(.text)
    _printf_post_padding                     0x08000819   Thumb Code    34  _printf_pad.o(.text)
    _printf_truncate_signed                  0x0800083b   Thumb Code    18  _printf_truncate.o(.text)
    _printf_truncate_unsigned                0x0800084d   Thumb Code    18  _printf_truncate.o(.text)
    _printf_str                              0x0800085f   Thumb Code    82  _printf_str.o(.text)
    _printf_int_dec                          0x080008b1   Thumb Code   104  _printf_dec.o(.text)
    _printf_charcount                        0x08000929   Thumb Code    40  _printf_charcount.o(.text)
    _printf_char_common                      0x0800095b   Thumb Code    32  _printf_char_common.o(.text)
    _sputc                                   0x08000981   Thumb Code    10  _sputc.o(.text)
    _printf_wctomb                           0x0800098d   Thumb Code   182  _printf_wctomb.o(.text)
    _printf_longlong_dec                     0x08000a49   Thumb Code   108  _printf_longlong_dec.o(.text)
    _printf_longlong_oct                     0x08000ac5   Thumb Code    68  _printf_oct_int_ll.o(.text)
    _printf_int_oct                          0x08000b09   Thumb Code    24  _printf_oct_int_ll.o(.text)
    _printf_ll_oct                           0x08000b21   Thumb Code    12  _printf_oct_int_ll.o(.text)
    _printf_longlong_hex                     0x08000b35   Thumb Code    86  _printf_hex_int_ll_ptr.o(.text)
    _printf_int_hex                          0x08000b8b   Thumb Code    28  _printf_hex_int_ll_ptr.o(.text)
    _printf_ll_hex                           0x08000ba7   Thumb Code    12  _printf_hex_int_ll_ptr.o(.text)
    _printf_hex_ptr                          0x08000bb3   Thumb Code    18  _printf_hex_int_ll_ptr.o(.text)
    __printf                                 0x08000bc9   Thumb Code   388  __printf_flags_ss_wp.o(.text)
    _chval                                   0x08000d51   Thumb Code    28  _chval.o(.text)
    __vfscanf_char                           0x08000d79   Thumb Code    24  scanf_char.o(.text)
    _sgetc                                   0x08000d99   Thumb Code    30  _sgetc.o(.text)
    _sbackspace                              0x08000db7   Thumb Code    34  _sgetc.o(.text)
    _fseek                                   0x08000dd9   Thumb Code   242  fseek.o(.text)
    fseek                                    0x08000dd9   Thumb Code     0  fseek.o(.text)
    setvbuf                                  0x08000ed1   Thumb Code    70  setvbuf.o(.text)
    _seterr                                  0x08000f19   Thumb Code    20  stdio.o(.text)
    _writebuf                                0x08000f2d   Thumb Code    84  stdio.o(.text)
    _fflush                                  0x08000f81   Thumb Code    70  stdio.o(.text)
    _deferredlazyseek                        0x08000fc7   Thumb Code    60  stdio.o(.text)
    _initio                                  0x08001009   Thumb Code   210  initio.o(.text)
    _terminateio                             0x080010db   Thumb Code    56  initio.o(.text)
    __Heap_ProvideMemory                     0x08001141   Thumb Code    52  h1_extend.o(.text)
    _ll_udiv10                               0x08001175   Thumb Code   138  lludiv10.o(.text)
    isspace                                  0x080011ff   Thumb Code    18  isspace.o(.text)
    _printf_int_common                       0x08001211   Thumb Code   178  _printf_intcommon.o(.text)
    __lib_sel_fp_printf                      0x080012c3   Thumb Code     2  _printf_fp_dec.o(.text)
    _printf_fp_dec_real                      0x08001471   Thumb Code   620  _printf_fp_dec.o(.text)
    _printf_fp_hex_real                      0x080016dd   Thumb Code   754  _printf_fp_hex.o(.text)
    _printf_cs_common                        0x080019d9   Thumb Code    20  _printf_char.o(.text)
    _printf_char                             0x080019ed   Thumb Code    16  _printf_char.o(.text)
    _printf_string                           0x080019fd   Thumb Code     8  _printf_char.o(.text)
    _printf_lcs_common                       0x08001a05   Thumb Code    20  _printf_wchar.o(.text)
    _printf_wchar                            0x08001a19   Thumb Code    16  _printf_wchar.o(.text)
    _printf_wstring                          0x08001a29   Thumb Code     8  _printf_wchar.o(.text)
    __vfscanf                                0x08001a31   Thumb Code   878  _scanf.o(.text)
    _ftell_internal                          0x08001da5   Thumb Code    66  ftell.o(.text)
    ftell                                    0x08001da5   Thumb Code     0  ftell.o(.text)
    freopen                                  0x08001de9   Thumb Code   158  fopen.o(.text)
    fopen                                    0x08001e87   Thumb Code    74  fopen.o(.text)
    _fclose_internal                         0x08001ed5   Thumb Code    76  fclose.o(.text)
    fclose                                   0x08001ed5   Thumb Code     0  fclose.o(.text)
    _wcrtomb                                 0x08001f21   Thumb Code    64  _wcrtomb.o(.text)
    __sig_exit                               0x08001f61   Thumb Code    10  defsig_exit.o(.text)
    __rt_SIGRTRED                            0x08001f6b   Thumb Code    14  defsig_rtred_outer.o(.text)
    __rt_SIGRTMEM                            0x08001f79   Thumb Code    14  defsig_rtmem_outer.o(.text)
    __rt_heap_escrow                         0x08001f89   Thumb Code    22  heapauxa.o(.text)
    __rt_heap_expand                         0x08001f9f   Thumb Code    52  heapauxa.o(.text)
    _sys_exit                                0x08001fd9   Thumb Code     8  sys_exit.o(.text)
    __rt_ctype_table                         0x08001fe5   Thumb Code    16  rt_ctype_table.o(.text)
    __rt_locale                              0x08001ff5   Thumb Code     8  rt_locale.o(.text)
    __aeabi_errno_addr                       0x08001ffd   Thumb Code     8  rt_errno_addr.o(.text)
    __errno                                  0x08001ffd   Thumb Code     0  rt_errno_addr.o(.text)
    __rt_errno_addr                          0x08001ffd   Thumb Code     0  rt_errno_addr.o(.text)
    _printf_fp_infnan                        0x08002005   Thumb Code   112  _printf_fp_infnan.o(.text)
    _btod_etento                             0x08002085   Thumb Code   216  bigflt0.o(.text)
    __default_signal_display                 0x08002161   Thumb Code    50  defsig_general.o(.text)
    __rt_SIGRTRED_inner                      0x08002195   Thumb Code    14  defsig_rtred_inner.o(.text)
    __rt_SIGRTMEM_inner                      0x080021c9   Thumb Code    22  defsig_rtmem_inner.o(.text)
    _ttywrch                                 0x08002219   Thumb Code    14  sys_wrch.o(.text)
    __I$use$semihosting                      0x08002227   Thumb Code     0  use_no_semi.o(.text)
    __use_no_semihosting_swi                 0x08002227   Thumb Code     2  use_no_semi.o(.text)
    __semihosting_library_function           0x08002229   Thumb Code     0  indicate_semi.o(.text)
    _btod_d2e                                0x08002229   Thumb Code    62  btod.o(CL$$btod_d2e)
    _d2e_denorm_low                          0x08002267   Thumb Code    70  btod.o(CL$$btod_d2e_denorm_low)
    _d2e_norm_op1                            0x080022ad   Thumb Code    96  btod.o(CL$$btod_d2e_norm_op1)
    __btod_div_common                        0x0800230d   Thumb Code   696  btod.o(CL$$btod_div_common)
    _e2e                                     0x08002645   Thumb Code   198  btod.o(CL$$btod_e2e)
    _btod_ediv                               0x0800270b   Thumb Code    40  btod.o(CL$$btod_ediv)
    _btod_emul                               0x08002733   Thumb Code    40  btod.o(CL$$btod_emul)
    __btod_mult_common                       0x0800275b   Thumb Code   580  btod.o(CL$$btod_mult_common)
    main                                     0x0800299f   Thumb Code    14  retarget.o(i.$Sub$$main)
    CAN1_SCE_IRQHandler                      0x080029ad   Thumb Code     8  can_api.o(i.CAN1_SCE_IRQHandler)
    HAL_Delay                                0x080029b9   Thumb Code    22  stm32f1xx_hal.o(i.HAL_Delay)
    HAL_GPIO_Init                            0x080029d1   Thumb Code   456  stm32f1xx_hal_gpio.o(i.HAL_GPIO_Init)
    HAL_GetTick                              0x08002bad   Thumb Code     6  stm32f1xx_hal.o(i.HAL_GetTick)
    HAL_IncTick                              0x08002bb9   Thumb Code    10  stm32f1xx_hal.o(i.HAL_IncTick)
    HAL_Init                                 0x08002bc9   Thumb Code    32  stm32f1xx_hal.o(i.HAL_Init)
    HAL_InitTick                             0x08002bed   Thumb Code   160  hal_tick_16b.o(i.HAL_InitTick)
    HAL_MspInit                              0x08002ca9   Thumb Code     2  stm32f1xx_hal.o(i.HAL_MspInit)
    HAL_NVIC_SetPriorityGrouping             0x08002cad   Thumb Code    30  stm32f1xx_hal_cortex.o(i.HAL_NVIC_SetPriorityGrouping)
    HAL_RCC_ClockConfig                      0x08002cd1   Thumb Code   560  stm32f1xx_hal_rcc.o(i.HAL_RCC_ClockConfig)
    HAL_RCC_GetPCLK1Freq                     0x08002f21   Thumb Code    34  stm32f1xx_hal_rcc.o(i.HAL_RCC_GetPCLK1Freq)
    HAL_RCC_GetPCLK2Freq                     0x08002f51   Thumb Code    34  stm32f1xx_hal_rcc.o(i.HAL_RCC_GetPCLK2Freq)
    HAL_RCC_GetSysClockFreq                  0x08002f81   Thumb Code   114  stm32f1xx_hal_rcc.o(i.HAL_RCC_GetSysClockFreq)
    HAL_RCC_OscConfig                        0x08003015   Thumb Code  1418  stm32f1xx_hal_rcc.o(i.HAL_RCC_OscConfig)
    HAL_TIM_Base_Init                        0x0800359f   Thumb Code    54  stm32f1xx_hal_tim.o(i.HAL_TIM_Base_Init)
    HAL_TIM_Base_MspInit                     0x080035d5   Thumb Code     2  stm32f1xx_hal_tim.o(i.HAL_TIM_Base_MspInit)
    HAL_TIM_Base_Start                       0x080035d7   Thumb Code    26  stm32f1xx_hal_tim.o(i.HAL_TIM_Base_Start)
    HAL_TIM_OC_Start                         0x080035f1   Thumb Code    54  stm32f1xx_hal_tim.o(i.HAL_TIM_OC_Start)
    HAL_UART_Init                            0x08003627   Thumb Code    94  stm32f1xx_hal_uart.o(i.HAL_UART_Init)
    HAL_UART_MspInit                         0x08003685   Thumb Code     2  stm32f1xx_hal_uart.o(i.HAL_UART_MspInit)
    SetSysClock                              0x08003687   Thumb Code   196  system_stm32f1xx.o(i.SetSysClock)
    Set_GPIO_Clock                           0x0800374d   Thumb Code   104  pinmap.o(i.Set_GPIO_Clock)
    SystemCoreClockUpdate                    0x080037ed   Thumb Code    90  system_stm32f1xx.o(i.SystemCoreClockUpdate)
    SystemInit                               0x0800385d   Thumb Code    92  system_stm32f1xx.o(i.SystemInit)
    TIM_Base_SetConfig                       0x080038cd   Thumb Code    94  stm32f1xx_hal_tim.o(i.TIM_Base_SetConfig)
    USB_HP_CAN1_TX_IRQHandler                0x08003aed   Thumb Code     8  can_api.o(i.USB_HP_CAN1_TX_IRQHandler)
    USB_LP_CAN1_RX0_IRQHandler               0x08003af9   Thumb Code     8  can_api.o(i.USB_LP_CAN1_RX0_IRQHandler)
    mbed::FileBase::getPathType()            0x08003b05   Thumb Code     4  FileBase.o(i._ZN4mbed8FileBase11getPathTypeEv)
    mbed::FileBase::lookup(const char*, unsigned) 0x08003b09   Thumb Code    90  FileBase.o(i._ZN4mbed8FileBase6lookupEPKcj)
    mbed::FilePath::fileSystem()             0x08003b75   Thumb Code    24  FilePath.o(i._ZN4mbed8FilePath10fileSystemEv)
    mbed::FilePath::file()                   0x08003b8d   Thumb Code    28  FilePath.o(i._ZN4mbed8FilePath4fileEv)
    mbed::FilePath::exists()                 0x08003ba9   Thumb Code    10  FilePath.o(i._ZN4mbed8FilePath6existsEv)
    mbed::FilePath::isFile()                 0x08003bb3   Thumb Code    24  FilePath.o(i._ZN4mbed8FilePath6isFileEv)
    mbed::FilePath::fileName()               0x08003bcb   Thumb Code     4  FilePath.o(i._ZN4mbed8FilePath8fileNameEv)
    mbed::FilePath::FilePath(const char*)    0x08003bcf   Thumb Code    64  FilePath.o(i._ZN4mbed8FilePathC1EPKc)
    mbed::FilePath::FilePath__sub_object(const char*) 0x08003bcf   Thumb Code     0  FilePath.o(i._ZN4mbed8FilePathC1EPKc)
    __ARM_fpclassify                         0x08003c0f   Thumb Code    40  fpclassify.o(i.__ARM_fpclassify)
    __NVIC_SetVector                         0x08003c39   Thumb Code    46  cmsis_nvic.o(i.__NVIC_SetVector)
    __user_setup_stackheap                   0x08003c85   Thumb Code    10  sys.o(i.__user_setup_stackheap)
    _is_digit                                0x08003c95   Thumb Code    14  __printf_wp.o(i._is_digit)
    _platform_post_stackheap_init            0x08003ca3   Thumb Code     8  retarget.o(i._platform_post_stackheap_init)
    _sys_close                               0x08003cad   Thumb Code    40  retarget.o(i._sys_close)
    _sys_flen                                0x08003cd9   Thumb Code    34  retarget.o(i._sys_flen)
    _sys_istty                               0x08003d01   Thumb Code    34  retarget.o(i._sys_istty)
    _sys_open                                0x08003d29   Thumb Code   436  retarget.o(i._sys_open)
    _sys_seek                                0x08003f05   Thumb Code    36  retarget.o(i._sys_seek)
    _sys_write                               0x08003f2d   Thumb Code    92  retarget.o(i._sys_write)
    core_util_critical_section_enter         0x080040bd   Thumb Code    70  mbed_critical.o(i.core_util_critical_section_enter)
    core_util_critical_section_exit          0x08004149   Thumb Code    60  mbed_critical.o(i.core_util_critical_section_exit)
    error                                    0x080041a1   Thumb Code    18  mbed_error.o(i.error)
    exit                                     0x080041b5   Thumb Code    24  retarget.o(i.exit)
    gpio_dir                                 0x080041d5   Thumb Code    54  gpio_api.o(i.gpio_dir)
    gpio_init                                0x08004229   Thumb Code    62  gpio_api.o(i.gpio_init)
    gpio_init_out                            0x08004269   Thumb Code    66  mbed_gpio.o(i.gpio_init_out)
    gpio_init_out_ex                         0x080042b5   Thumb Code    78  mbed_gpio.o(i.gpio_init_out_ex)
    gpio_mode                                0x08004321   Thumb Code     8  gpio_api.o(i.gpio_mode)
    $Super$$main                             0x080043a9   Thumb Code    74  main.o(i.main)
    mbed_assert_internal                     0x08004449   Thumb Code    32  mbed_assert.o(i.mbed_assert_internal)
    mbed_die                                 0x0800449d   Thumb Code    18  mbed_board.o(i.mbed_die)
    mbed_error_printf                        0x080044b1   Thumb Code    74  mbed_board.o(i.mbed_error_printf)
    mbed_error_vfprintf                      0x08004505   Thumb Code    68  mbed_board.o(i.mbed_error_vfprintf)
    mbed_main                                0x08004551   Thumb Code     2  retarget.o(i.mbed_main)
    mbed_sdk_init                            0x08004553   Thumb Code    14  mbed_overrides.o(i.mbed_sdk_init)
    pin_function                             0x08004561   Thumb Code   270  pinmap.o(i.pin_function)
    pin_mode                                 0x08004695   Thumb Code   164  pinmap.o(i.pin_mode)
    pinmap_merge                             0x08004751   Thumb Code    38  mbed_pinmap_common.o(i.pinmap_merge)
    pinmap_peripheral                        0x0800478d   Thumb Code    62  mbed_pinmap_common.o(i.pinmap_peripheral)
    pinmap_pinout                            0x080047ed   Thumb Code    72  mbed_pinmap_common.o(i.pinmap_pinout)
    serial_baud                              0x08004849   Thumb Code     6  serial_api.o(i.serial_baud)
    serial_init                              0x08004851   Thumb Code   300  serial_api.o(i.serial_init)
    serial_putc                              0x080049b5   Thumb Code    46  serial_api.o(i.serial_putc)
    set_compare                              0x080049e9   Thumb Code    18  us_ticker_16b.o(i.set_compare)
    ticker_irq_handler                       0x08004a05   Thumb Code    78  mbed_ticker_api.o(i.ticker_irq_handler)
    timer_irq_handler                        0x08004a55   Thumb Code   196  hal_tick_16b.o(i.timer_irq_handler)
    us_ticker_clear_interrupt                0x08004b3d   Thumb Code    22  us_ticker_16b.o(i.us_ticker_clear_interrupt)
    us_ticker_disable_interrupt              0x08004b5d   Thumb Code    16  us_ticker_16b.o(i.us_ticker_disable_interrupt)
    us_ticker_init                           0x08004b75   Thumb Code    26  us_ticker_16b.o(i.us_ticker_init)
    us_ticker_irq_handler                    0x08004b9d   Thumb Code     6  mbed_us_ticker_api.o(i.us_ticker_irq_handler)
    us_ticker_read                           0x08004ba9   Thumb Code    48  us_ticker_16b.o(i.us_ticker_read)
    us_ticker_set_interrupt                  0x08004be9   Thumb Code   136  us_ticker_16b.o(i.us_ticker_set_interrupt)
    wait                                     0x08004c81   Thumb Code    32  mbed_wait_api_no_rtos.o(i.wait)
    wait_ms                                  0x08004ca5   Thumb Code    28  mbed_wait_api_no_rtos.o(i.wait_ms)
    _get_lc_numeric                          0x08004cc1   Thumb Code    44  lc_numeric_c.o(locale$$code)
    _get_lc_ctype                            0x08004ced   Thumb Code    44  lc_ctype_c.o(locale$$code)
    SingletonPtr<PlatformMutex>::operator ->() 0x08004d19   Thumb Code    36  FileBase.o(t._ZN12SingletonPtrI13PlatformMutexEptEv)
    __aeabi_f2iz                             0x08004d45   Thumb Code     0  ffix.o(x$fpl$ffix)
    _ffix                                    0x08004d45   Thumb Code    54  ffix.o(x$fpl$ffix)
    __aeabi_fmul                             0x08004d7d   Thumb Code     0  fmul.o(x$fpl$fmul)
    _fmul                                    0x08004d7d   Thumb Code   258  fmul.o(x$fpl$fmul)
    __fpl_fnaninf                            0x08004e7f   Thumb Code   140  fnaninf.o(x$fpl$fnaninf)
    __fpl_fretinf                            0x08004f0b   Thumb Code    10  fretinf.o(x$fpl$fretinf)
    _printf_fp_dec                           0x08004f15   Thumb Code     4  printf1.o(x$fpl$printf1)
    _printf_fp_hex                           0x08004f19   Thumb Code     4  printf2.o(x$fpl$printf2)
    PinMap_UART_TX                           0x08004f1c   Data          72  PeripheralPins.o(.constdata)
    __I$use$fp                               0x08004f1c   Number         0  usenofp.o(x$fpl$usenofp)
    PinMap_UART_RX                           0x08004f64   Data          72  PeripheralPins.o(.constdata)
    __stdin_name                             0x08004fe0   Data           7  retarget.o(.constdata)
    __stdout_name                            0x08004fe7   Data           8  retarget.o(.constdata)
    __stderr_name                            0x08004fef   Data           8  retarget.o(.constdata)
    AHBPrescTable                            0x08004ff7   Data          16  system_stm32f1xx.o(.constdata)
    APBPrescTable                            0x08005007   Data           8  system_stm32f1xx.o(.constdata)
    SingletonPtr<PlatformMutex>::get()::string 0x08005128   Data          20  retarget.o(.constdata__ZZN12SingletonPtrI13PlatformMutexE3getEvEs)
    SingletonPtr<PlatformMutex>::get()::string (instance 2) 0x0800513c   Data          77  retarget.o(.constdata__ZZN12SingletonPtrI13PlatformMutexE3getEvEs_0)
    Region$$Table$$Base                      0x08005330   Number         0  anon$$obj.o(Region$$Table)
    Region$$Table$$Limit                     0x08005350   Number         0  anon$$obj.o(Region$$Table)
    __ctype                                  0x08005379   Data           0  lc_ctype_c.o(locale$$data)
    SHT$$INIT_ARRAY$$Base                    0x0800547c   Number         0  main.o(.init_array)
    SHT$$INIT_ARRAY$$Limit                   0x08005480   Number         0  init_aeabi.o(.init_array)
    PreviousVal                              0x200000f4   Data           4  hal_tick_16b.o(.data)
    stdio_uart_inited                        0x20000100   Data           4  serial_api.o(.data)
    SystemCoreClock                          0x2000010c   Data           4  system_stm32f1xx.o(.data)
    tim_it_update                            0x20000110   Data           1  us_ticker_16b.o(.data)
    oc_rem_part                              0x20000112   Data           2  us_ticker_16b.o(.data)
    SlaveCounter                             0x20000114   Data           4  us_ticker_16b.o(.data)
    oc_int_part                              0x20000118   Data           4  us_ticker_16b.o(.data)
    tim_it_counter                           0x2000011c   Data           4  us_ticker_16b.o(.data)
    mbed::FileBase::_head                    0x20000134   Data           4  FileBase.o(.data)
    mbed::FileBase::_mutex                   0x20000138   Data           8  FileBase.o(.data)
    __aeabi_stdin                            0x20000140   Data           4  stdio_streams.o(.data)
    __aeabi_stdout                           0x20000144   Data           4  stdio_streams.o(.data)
    __aeabi_stderr                           0x20000148   Data           4  stdio_streams.o(.data)
    myled                                    0x20000150   Data          20  main.o(.bss)
    stdio_uart                               0x200002b0   Data          76  serial_api.o(.bss)
    TimMasterHandle                          0x200002fc   Data          60  us_ticker_16b.o(.bss)
    __stdin                                  0x20000338   Data          84  stdio_streams.o(.bss)
    __stdout                                 0x2000038c   Data          84  stdio_streams.o(.bss)
    __stderr                                 0x200003e0   Data          84  stdio_streams.o(.bss)
    Image$$RW_IRAM1$$ZI$$Limit               0x20000450   Number         0  anon$$obj.o ABSOLUTE



==============================================================================

Memory Map of the image

  Image Entry point : 0x080000ed

  Load Region LR_IROM1 (Base: 0x08000000, Size: 0x000054e4, Max: 0x00020000, ABSOLUTE)

    Execution Region ER_IROM1 (Base: 0x08000000, Size: 0x00005480, Max: 0x00020000, ABSOLUTE)

    Base Addr    Size         Type   Attr      Idx    E Section Name        Object

    0x08000000   0x000000ec   Data   RO         1121    RESET               startup_stm32f103xb.o
    0x080000ec   0x00000008   Code   RO         3076  * !!!main             c_w.l(__main.o)
    0x080000f4   0x00000034   Code   RO         3672    !!!scatter          c_w.l(__scatter.o)
    0x08000128   0x0000001a   Code   RO         3674    !!handler_copy      c_w.l(__scatter_copy.o)
    0x08000142   0x00000002   PAD
    0x08000144   0x0000001c   Code   RO         3676    !!handler_zi        c_w.l(__scatter_zi.o)
    0x08000160   0x00000000   Code   RO         3322    .ARM.Collect$$_printf_percent$$00000000  c_w.l(_printf_percent.o)
    0x08000160   0x00000006   Code   RO         3311    .ARM.Collect$$_printf_percent$$00000001  c_w.l(_printf_n.o)
    0x08000166   0x00000006   Code   RO         3313    .ARM.Collect$$_printf_percent$$00000002  c_w.l(_printf_p.o)
    0x0800016c   0x00000006   Code   RO         3318    .ARM.Collect$$_printf_percent$$00000003  c_w.l(_printf_f.o)
    0x08000172   0x00000006   Code   RO         3319    .ARM.Collect$$_printf_percent$$00000004  c_w.l(_printf_e.o)
    0x08000178   0x00000006   Code   RO         3320    .ARM.Collect$$_printf_percent$$00000005  c_w.l(_printf_g.o)
    0x0800017e   0x00000006   Code   RO         3321    .ARM.Collect$$_printf_percent$$00000006  c_w.l(_printf_a.o)
    0x08000184   0x0000000a   Code   RO         3326    .ARM.Collect$$_printf_percent$$00000007  c_w.l(_printf_ll.o)
    0x0800018e   0x00000006   Code   RO         3315    .ARM.Collect$$_printf_percent$$00000008  c_w.l(_printf_i.o)
    0x08000194   0x00000006   Code   RO         3316    .ARM.Collect$$_printf_percent$$00000009  c_w.l(_printf_d.o)
    0x0800019a   0x00000006   Code   RO         3317    .ARM.Collect$$_printf_percent$$0000000A  c_w.l(_printf_u.o)
    0x080001a0   0x00000006   Code   RO         3314    .ARM.Collect$$_printf_percent$$0000000B  c_w.l(_printf_o.o)
    0x080001a6   0x00000006   Code   RO         3312    .ARM.Collect$$_printf_percent$$0000000C  c_w.l(_printf_x.o)
    0x080001ac   0x00000006   Code   RO         3323    .ARM.Collect$$_printf_percent$$0000000D  c_w.l(_printf_lli.o)
    0x080001b2   0x00000006   Code   RO         3324    .ARM.Collect$$_printf_percent$$0000000E  c_w.l(_printf_lld.o)
    0x080001b8   0x00000006   Code   RO         3325    .ARM.Collect$$_printf_percent$$0000000F  c_w.l(_printf_llu.o)
    0x080001be   0x00000006   Code   RO         3330    .ARM.Collect$$_printf_percent$$00000010  c_w.l(_printf_llo.o)
    0x080001c4   0x00000006   Code   RO         3331    .ARM.Collect$$_printf_percent$$00000011  c_w.l(_printf_llx.o)
    0x080001ca   0x0000000a   Code   RO         3327    .ARM.Collect$$_printf_percent$$00000012  c_w.l(_printf_l.o)
    0x080001d4   0x00000006   Code   RO         3309    .ARM.Collect$$_printf_percent$$00000013  c_w.l(_printf_c.o)
    0x080001da   0x00000006   Code   RO         3310    .ARM.Collect$$_printf_percent$$00000014  c_w.l(_printf_s.o)
    0x080001e0   0x00000006   Code   RO         3328    .ARM.Collect$$_printf_percent$$00000015  c_w.l(_printf_lc.o)
    0x080001e6   0x00000006   Code   RO         3329    .ARM.Collect$$_printf_percent$$00000016  c_w.l(_printf_ls.o)
    0x080001ec   0x00000004   Code   RO         3486    .ARM.Collect$$_printf_percent$$00000017  c_w.l(_printf_percent_end.o)
    0x080001f0   0x00000002   Code   RO         3632    .ARM.Collect$$libinit$$00000000  c_w.l(libinit.o)
    0x080001f2   0x00000000   Code   RO         3369    .ARM.Collect$$libinit$$00000002  c_w.l(libinit2.o)
    0x080001f2   0x00000000   Code   RO         3371    .ARM.Collect$$libinit$$00000004  c_w.l(libinit2.o)
    0x080001f2   0x00000008   Code   RO         3372    .ARM.Collect$$libinit$$00000005  c_w.l(libinit2.o)
    0x080001fa   0x00000000   Code   RO         3374    .ARM.Collect$$libinit$$0000000A  c_w.l(libinit2.o)
    0x080001fa   0x00000000   Code   RO         3376    .ARM.Collect$$libinit$$0000000C  c_w.l(libinit2.o)
    0x080001fa   0x00000000   Code   RO         3378    .ARM.Collect$$libinit$$0000000E  c_w.l(libinit2.o)
    0x080001fa   0x00000006   Code   RO         3379    .ARM.Collect$$libinit$$0000000F  c_w.l(libinit2.o)
    0x08000200   0x00000000   Code   RO         3381    .ARM.Collect$$libinit$$00000011  c_w.l(libinit2.o)
    0x08000200   0x0000000c   Code   RO         3382    .ARM.Collect$$libinit$$00000012  c_w.l(libinit2.o)
    0x0800020c   0x00000000   Code   RO         3383    .ARM.Collect$$libinit$$00000013  c_w.l(libinit2.o)
    0x0800020c   0x00000000   Code   RO         3385    .ARM.Collect$$libinit$$00000015  c_w.l(libinit2.o)
    0x0800020c   0x0000000a   Code   RO         3386    .ARM.Collect$$libinit$$00000016  c_w.l(libinit2.o)
    0x08000216   0x00000000   Code   RO         3387    .ARM.Collect$$libinit$$00000017  c_w.l(libinit2.o)
    0x08000216   0x00000000   Code   RO         3389    .ARM.Collect$$libinit$$00000019  c_w.l(libinit2.o)
    0x08000216   0x00000000   Code   RO         3391    .ARM.Collect$$libinit$$0000001B  c_w.l(libinit2.o)
    0x08000216   0x00000000   Code   RO         3393    .ARM.Collect$$libinit$$0000001D  c_w.l(libinit2.o)
    0x08000216   0x00000000   Code   RO         3395    .ARM.Collect$$libinit$$0000001F  c_w.l(libinit2.o)
    0x08000216   0x00000000   Code   RO         3397    .ARM.Collect$$libinit$$00000021  c_w.l(libinit2.o)
    0x08000216   0x00000000   Code   RO         3399    .ARM.Collect$$libinit$$00000023  c_w.l(libinit2.o)
    0x08000216   0x00000004   Code   RO         3400    .ARM.Collect$$libinit$$00000024  c_w.l(libinit2.o)
    0x0800021a   0x00000000   Code   RO         3401    .ARM.Collect$$libinit$$00000025  c_w.l(libinit2.o)
    0x0800021a   0x00000000   Code   RO         3405    .ARM.Collect$$libinit$$0000002C  c_w.l(libinit2.o)
    0x0800021a   0x00000000   Code   RO         3407    .ARM.Collect$$libinit$$0000002E  c_w.l(libinit2.o)
    0x0800021a   0x00000000   Code   RO         3409    .ARM.Collect$$libinit$$00000030  c_w.l(libinit2.o)
    0x0800021a   0x00000004   Code   RO         3410    .ARM.Collect$$libinit$$00000031  c_w.l(libinit2.o)
    0x0800021e   0x00000000   Code   RO         3411    .ARM.Collect$$libinit$$00000032  c_w.l(libinit2.o)
    0x0800021e   0x00000002   Code   RO         3412    .ARM.Collect$$libinit$$00000033  c_w.l(libinit2.o)
    0x08000220   0x00000000   Code   RO         3534    .ARM.Collect$$libshutdown$$00000003  c_w.l(libshutdown2.o)
    0x08000220   0x00000000   Code   RO         3215    .ARM.Collect$$rtentry$$00000000  c_w.l(__rtentry.o)
    0x08000220   0x00000000   Code   RO         3445    .ARM.Collect$$rtentry$$00000002  c_w.l(__rtentry2.o)
    0x08000220   0x00000006   Code   RO         3457    .ARM.Collect$$rtentry$$00000004  c_w.l(__rtentry4.o)
    0x08000226   0x00000008   Code   RO         3446    .ARM.Collect$$rtentry$$00000008  c_w.l(__rtentry2.o)
    0x0800022e   0x00000004   Code   RO         3448    .ARM.Collect$$rtentry$$0000000A  c_w.l(__rtentry2.o)
    0x08000232   0x00000000   Code   RO         3450    .ARM.Collect$$rtentry$$0000000C  c_w.l(__rtentry2.o)
    0x08000232   0x00000008   Code   RO         3451    .ARM.Collect$$rtentry$$0000000D  c_w.l(__rtentry2.o)
    0x0800023a   0x00000002   PAD
    0x0800023c   0x00000000   Code   RO         3463    .emb_text           c_w.l(maybetermalloc1.o)
    0x0800023c   0x00000024   Code   RO         1122    .text               startup_stm32f103xb.o
    0x08000260   0x0000005e   Code   RO         2971    .text               c_w.l(h1_alloc.o)
    0x080002be   0x0000004e   Code   RO         2973    .text               c_w.l(h1_free.o)
    0x0800030c   0x00000024   Code   RO         3031    .text               c_w.l(vsprintf.o)
    0x08000330   0x0000003c   Code   RO         3033    .text               c_w.l(__0sscanf.o)
    0x0800036c   0x0000014c   Code   RO         3035    .text               c_w.l(_scanf_int.o)
    0x080004b8   0x00000064   Code   RO         3037    .text               c_w.l(fflush.o)
    0x0800051c   0x0000003e   Code   RO         3057    .text               c_w.l(strlen.o)
    0x0800055a   0x00000096   Code   RO         3059    .text               c_w.l(strncmp.o)
    0x080005f0   0x00000064   Code   RO         3061    .text               c_w.l(rt_memcpy_w.o)
    0x08000654   0x0000004e   Code   RO         3065    .text               c_w.l(rt_memclr_w.o)
    0x080006a2   0x00000002   PAD
    0x080006a4   0x00000080   Code   RO         3069    .text               c_w.l(strcmpv7m.o)
    0x08000724   0x00000024   Code   RO         3081    .text               c_w.l(init_aeabi.o)
    0x08000748   0x00000008   Code   RO         3216    .text               c_w.l(rt_heap_descriptor.o)
    0x08000750   0x00000004   Code   RO         3221    .text               c_w.l(hguard.o)
    0x08000754   0x0000008a   Code   RO         3223    .text               c_w.l(init_alloc.o)
    0x080007de   0x0000000e   Code   RO         3227    .text               c_w.l(h1_init.o)
    0x080007ec   0x0000004e   Code   RO         3243    .text               c_w.l(_printf_pad.o)
    0x0800083a   0x00000024   Code   RO         3245    .text               c_w.l(_printf_truncate.o)
    0x0800085e   0x00000052   Code   RO         3247    .text               c_w.l(_printf_str.o)
    0x080008b0   0x00000078   Code   RO         3249    .text               c_w.l(_printf_dec.o)
    0x08000928   0x00000028   Code   RO         3251    .text               c_w.l(_printf_charcount.o)
    0x08000950   0x00000030   Code   RO         3253    .text               c_w.l(_printf_char_common.o)
    0x08000980   0x0000000a   Code   RO         3255    .text               c_w.l(_sputc.o)
    0x0800098a   0x00000002   PAD
    0x0800098c   0x000000bc   Code   RO         3257    .text               c_w.l(_printf_wctomb.o)
    0x08000a48   0x0000007c   Code   RO         3260    .text               c_w.l(_printf_longlong_dec.o)
    0x08000ac4   0x00000070   Code   RO         3266    .text               c_w.l(_printf_oct_int_ll.o)
    0x08000b34   0x00000094   Code   RO         3286    .text               c_w.l(_printf_hex_int_ll_ptr.o)
    0x08000bc8   0x00000188   Code   RO         3306    .text               c_w.l(__printf_flags_ss_wp.o)
    0x08000d50   0x0000001c   Code   RO         3332    .text               c_w.l(_chval.o)
    0x08000d6c   0x0000002c   Code   RO         3334    .text               c_w.l(scanf_char.o)
    0x08000d98   0x00000040   Code   RO         3336    .text               c_w.l(_sgetc.o)
    0x08000dd8   0x000000f8   Code   RO         3342    .text               c_w.l(fseek.o)
    0x08000ed0   0x00000046   Code   RO         3344    .text               c_w.l(setvbuf.o)
    0x08000f16   0x00000002   PAD
    0x08000f18   0x000000f0   Code   RO         3346    .text               c_w.l(stdio.o)
    0x08001008   0x00000138   Code   RO         3349    .text               c_w.l(initio.o)
    0x08001140   0x00000034   Code   RO         3465    .text               c_w.l(h1_extend.o)
    0x08001174   0x0000008a   Code   RO         3469    .text               c_w.l(lludiv10.o)
    0x080011fe   0x00000012   Code   RO         3471    .text               c_w.l(isspace.o)
    0x08001210   0x000000b2   Code   RO         3473    .text               c_w.l(_printf_intcommon.o)
    0x080012c2   0x0000041a   Code   RO         3475    .text               c_w.l(_printf_fp_dec.o)
    0x080016dc   0x000002fc   Code   RO         3477    .text               c_w.l(_printf_fp_hex.o)
    0x080019d8   0x0000002c   Code   RO         3482    .text               c_w.l(_printf_char.o)
    0x08001a04   0x0000002c   Code   RO         3484    .text               c_w.l(_printf_wchar.o)
    0x08001a30   0x00000374   Code   RO         3487    .text               c_w.l(_scanf.o)
    0x08001da4   0x00000042   Code   RO         3489    .text               c_w.l(ftell.o)
    0x08001de6   0x00000002   PAD
    0x08001de8   0x000000ec   Code   RO         3495    .text               c_w.l(fopen.o)
    0x08001ed4   0x0000004c   Code   RO         3497    .text               c_w.l(fclose.o)
    0x08001f20   0x00000040   Code   RO         3511    .text               c_w.l(_wcrtomb.o)
    0x08001f60   0x0000000a   Code   RO         3513    .text               c_w.l(defsig_exit.o)
    0x08001f6a   0x0000000e   Code   RO         3515    .text               c_w.l(defsig_rtred_outer.o)
    0x08001f78   0x0000000e   Code   RO         3519    .text               c_w.l(defsig_rtmem_outer.o)
    0x08001f86   0x00000002   PAD
    0x08001f88   0x00000050   Code   RO         3525    .text               c_w.l(heapauxa.o)
    0x08001fd8   0x0000000c   Code   RO         3562    .text               c_w.l(sys_exit.o)
    0x08001fe4   0x00000010   Code   RO         3564    .text               c_w.l(rt_ctype_table.o)
    0x08001ff4   0x00000008   Code   RO         3566    .text               c_w.l(rt_locale.o)
    0x08001ffc   0x00000008   Code   RO         3576    .text               c_w.l(rt_errno_addr.o)
    0x08002004   0x00000080   Code   RO         3583    .text               c_w.l(_printf_fp_infnan.o)
    0x08002084   0x000000dc   Code   RO         3585    .text               c_w.l(bigflt0.o)
    0x08002160   0x00000032   Code   RO         3617    .text               c_w.l(defsig_general.o)
    0x08002192   0x00000002   PAD
    0x08002194   0x00000034   Code   RO         3619    .text               c_w.l(defsig_rtred_inner.o)
    0x080021c8   0x00000050   Code   RO         3621    .text               c_w.l(defsig_rtmem_inner.o)
    0x08002218   0x0000000e   Code   RO         3640    .text               c_w.l(sys_wrch.o)
    0x08002226   0x00000002   Code   RO         3642    .text               c_w.l(use_no_semi.o)
    0x08002228   0x00000000   Code   RO         3644    .text               c_w.l(indicate_semi.o)
    0x08002228   0x0000003e   Code   RO         3588    CL$$btod_d2e        c_w.l(btod.o)
    0x08002266   0x00000046   Code   RO         3590    CL$$btod_d2e_denorm_low  c_w.l(btod.o)
    0x080022ac   0x00000060   Code   RO         3589    CL$$btod_d2e_norm_op1  c_w.l(btod.o)
    0x0800230c   0x00000338   Code   RO         3598    CL$$btod_div_common  c_w.l(btod.o)
    0x08002644   0x000000c6   Code   RO         3595    CL$$btod_e2e        c_w.l(btod.o)
    0x0800270a   0x00000028   Code   RO         3592    CL$$btod_ediv       c_w.l(btod.o)
    0x08002732   0x00000028   Code   RO         3591    CL$$btod_emul       c_w.l(btod.o)
    0x0800275a   0x00000244   Code   RO         3597    CL$$btod_mult_common  c_w.l(btod.o)
    0x0800299e   0x0000000e   Code   RO          867    i.$Sub$$main        retarget.o
    0x080029ac   0x0000000c   Code   RO          579    i.CAN1_SCE_IRQHandler  can_api.o
    0x080029b8   0x00000016   Code   RO         1134    i.HAL_Delay         stm32f1xx_hal.o
    0x080029ce   0x00000002   PAD
    0x080029d0   0x000001dc   Code   RO         1466    i.HAL_GPIO_Init     stm32f1xx_hal_gpio.o
    0x08002bac   0x0000000c   Code   RO         1138    i.HAL_GetTick       stm32f1xx_hal.o
    0x08002bb8   0x00000010   Code   RO         1139    i.HAL_IncTick       stm32f1xx_hal.o
    0x08002bc8   0x00000024   Code   RO         1140    i.HAL_Init          stm32f1xx_hal.o
    0x08002bec   0x000000bc   Code   RO          684    i.HAL_InitTick      hal_tick_16b.o
    0x08002ca8   0x00000002   Code   RO         1143    i.HAL_MspInit       stm32f1xx_hal.o
    0x08002caa   0x00000002   PAD
    0x08002cac   0x00000024   Code   RO         1321    i.HAL_NVIC_SetPriorityGrouping  stm32f1xx_hal_cortex.o
    0x08002cd0   0x00000250   Code   RO         1842    i.HAL_RCC_ClockConfig  stm32f1xx_hal_rcc.o
    0x08002f20   0x00000030   Code   RO         1849    i.HAL_RCC_GetPCLK1Freq  stm32f1xx_hal_rcc.o
    0x08002f50   0x00000030   Code   RO         1850    i.HAL_RCC_GetPCLK2Freq  stm32f1xx_hal_rcc.o
    0x08002f80   0x00000094   Code   RO         1851    i.HAL_RCC_GetSysClockFreq  stm32f1xx_hal_rcc.o
    0x08003014   0x0000058a   Code   RO         1854    i.HAL_RCC_OscConfig  stm32f1xx_hal_rcc.o
    0x0800359e   0x00000036   Code   RO         2076    i.HAL_TIM_Base_Init  stm32f1xx_hal_tim.o
    0x080035d4   0x00000002   Code   RO         2078    i.HAL_TIM_Base_MspInit  stm32f1xx_hal_tim.o
    0x080035d6   0x0000001a   Code   RO         2079    i.HAL_TIM_Base_Start  stm32f1xx_hal_tim.o
    0x080035f0   0x00000036   Code   RO         2126    i.HAL_TIM_OC_Start  stm32f1xx_hal_tim.o
    0x08003626   0x0000005e   Code   RO         2364    i.HAL_UART_Init     stm32f1xx_hal_uart.o
    0x08003684   0x00000002   Code   RO         2366    i.HAL_UART_MspInit  stm32f1xx_hal_uart.o
    0x08003686   0x000000c4   Code   RO         2657    i.SetSysClock       system_stm32f1xx.o
    0x0800374a   0x00000002   PAD
    0x0800374c   0x000000a0   Code   RO          805    i.Set_GPIO_Clock    pinmap.o
    0x080037ec   0x00000070   Code   RO         2660    i.SystemCoreClockUpdate  system_stm32f1xx.o
    0x0800385c   0x00000070   Code   RO         2661    i.SystemInit        system_stm32f1xx.o
    0x080038cc   0x0000006c   Code   RO         2160    i.TIM_Base_SetConfig  stm32f1xx_hal_tim.o
    0x08003938   0x000001b4   Code   RO         2382    i.UART_SetConfig    stm32f1xx_hal_uart.o
    0x08003aec   0x0000000c   Code   RO          580    i.USB_HP_CAN1_TX_IRQHandler  can_api.o
    0x08003af8   0x0000000c   Code   RO          581    i.USB_LP_CAN1_RX0_IRQHandler  can_api.o
    0x08003b04   0x00000004   Code   RO         2915    i._ZN4mbed8FileBase11getPathTypeEv  mbed.ar(FileBase.o)
    0x08003b08   0x0000006c   Code   RO         2917    i._ZN4mbed8FileBase6lookupEPKcj  mbed.ar(FileBase.o)
    0x08003b74   0x00000018   Code   RO         2702    i._ZN4mbed8FilePath10fileSystemEv  mbed.ar(FilePath.o)
    0x08003b8c   0x0000001c   Code   RO         2704    i._ZN4mbed8FilePath4fileEv  mbed.ar(FilePath.o)
    0x08003ba8   0x0000000a   Code   RO         2705    i._ZN4mbed8FilePath6existsEv  mbed.ar(FilePath.o)
    0x08003bb2   0x00000018   Code   RO         2706    i._ZN4mbed8FilePath6isFileEv  mbed.ar(FilePath.o)
    0x08003bca   0x00000004   Code   RO         2707    i._ZN4mbed8FilePath8fileNameEv  mbed.ar(FilePath.o)
    0x08003bce   0x00000040   Code   RO         2708    i._ZN4mbed8FilePathC1EPKc  mbed.ar(FilePath.o)
    0x08003c0e   0x00000028   Code   RO         3638    i.__ARM_fpclassify  m_ws.l(fpclassify.o)
    0x08003c36   0x00000002   PAD
    0x08003c38   0x00000034   Code   RO          626    i.__NVIC_SetVector  cmsis_nvic.o
    0x08003c6c   0x00000018   Code   RO            4    i.__sti___8_main_cpp_myled  main.o
    0x08003c84   0x00000010   Code   RO         2651    i.__user_setup_stackheap  sys.o
    0x08003c94   0x0000000e   Code   RO         3299    i._is_digit         c_w.l(__printf_wp.o)
    0x08003ca2   0x00000008   Code   RO          880    i._platform_post_stackheap_init  retarget.o
    0x08003caa   0x00000002   PAD
    0x08003cac   0x0000002c   Code   RO          881    i._sys_close        retarget.o
    0x08003cd8   0x00000028   Code   RO          884    i._sys_flen         retarget.o
    0x08003d00   0x00000028   Code   RO          885    i._sys_istty        retarget.o
    0x08003d28   0x000001dc   Code   RO          886    i._sys_open         retarget.o
    0x08003f04   0x00000028   Code   RO          888    i._sys_seek         retarget.o
    0x08003f2c   0x00000068   Code   RO          889    i._sys_write        retarget.o
    0x08003f94   0x00000128   Code   RO          586    i.can_irq           can_api.o
    0x080040bc   0x0000008c   Code   RO         2870    i.core_util_critical_section_enter  mbed.ar(mbed_critical.o)
    0x08004148   0x00000058   Code   RO         2871    i.core_util_critical_section_exit  mbed.ar(mbed_critical.o)
    0x080041a0   0x00000012   Code   RO         2895    i.error             mbed.ar(mbed_error.o)
    0x080041b2   0x00000002   PAD
    0x080041b4   0x00000020   Code   RO          891    i.exit              retarget.o
    0x080041d4   0x00000054   Code   RO          635    i.gpio_dir          gpio_api.o
    0x08004228   0x0000003e   Code   RO          636    i.gpio_init         gpio_api.o
    0x08004266   0x00000002   PAD
    0x08004268   0x0000004c   Code   RO         2804    i.gpio_init_out     mbed.ar(mbed_gpio.o)
    0x080042b4   0x0000006c   Code   RO         2805    i.gpio_init_out_ex  mbed.ar(mbed_gpio.o)
    0x08004320   0x00000008   Code   RO          637    i.gpio_mode         gpio_api.o
    0x08004328   0x00000080   Code   RO         1041    i.init_uart         serial_api.o
    0x080043a8   0x000000a0   Code   RO            5    i.main              main.o
    0x08004448   0x00000054   Code   RO         2849    i.mbed_assert_internal  mbed.ar(mbed_assert.o)
    0x0800449c   0x00000012   Code   RO          785    i.mbed_die          mbed_board.o
    0x080044ae   0x00000002   PAD
    0x080044b0   0x00000054   Code   RO          786    i.mbed_error_printf  mbed_board.o
    0x08004504   0x0000004c   Code   RO          787    i.mbed_error_vfprintf  mbed_board.o
    0x08004550   0x00000002   Code   RO          892    i.mbed_main         retarget.o
    0x08004552   0x0000000e   Code   RO          797    i.mbed_sdk_init     mbed_overrides.o
    0x08004560   0x00000134   Code   RO          806    i.pin_function      pinmap.o
    0x08004694   0x000000bc   Code   RO          808    i.pin_mode          pinmap.o
    0x08004750   0x0000003c   Code   RO         2821    i.pinmap_merge      mbed.ar(mbed_pinmap_common.o)
    0x0800478c   0x00000060   Code   RO         2822    i.pinmap_peripheral  mbed.ar(mbed_pinmap_common.o)
    0x080047ec   0x0000005c   Code   RO         2823    i.pinmap_pinout     mbed.ar(mbed_pinmap_common.o)
    0x08004848   0x00000006   Code   RO         1042    i.serial_baud       serial_api.o
    0x0800484e   0x00000002   PAD
    0x08004850   0x00000164   Code   RO         1049    i.serial_init       serial_api.o
    0x080049b4   0x00000034   Code   RO         1054    i.serial_putc       serial_api.o
    0x080049e8   0x0000001c   Code   RO         2676    i.set_compare       us_ticker_16b.o
    0x08004a04   0x0000004e   Code   RO         2952    i.ticker_irq_handler  mbed.ar(mbed_ticker_api.o)
    0x08004a52   0x00000002   PAD
    0x08004a54   0x000000e8   Code   RO          687    i.timer_irq_handler  hal_tick_16b.o
    0x08004b3c   0x00000020   Code   RO         2677    i.us_ticker_clear_interrupt  us_ticker_16b.o
    0x08004b5c   0x00000018   Code   RO         2678    i.us_ticker_disable_interrupt  us_ticker_16b.o
    0x08004b74   0x00000028   Code   RO         2679    i.us_ticker_init    us_ticker_16b.o
    0x08004b9c   0x0000000c   Code   RO         2837    i.us_ticker_irq_handler  mbed.ar(mbed_us_ticker_api.o)
    0x08004ba8   0x00000040   Code   RO         2680    i.us_ticker_read    us_ticker_16b.o
    0x08004be8   0x00000098   Code   RO         2681    i.us_ticker_set_interrupt  us_ticker_16b.o
    0x08004c80   0x00000024   Code   RO         2903    i.wait              mbed.ar(mbed_wait_api_no_rtos.o)
    0x08004ca4   0x0000001c   Code   RO         2904    i.wait_ms           mbed.ar(mbed_wait_api_no_rtos.o)
    0x08004cc0   0x0000002c   Code   RO         3611    locale$$code        c_w.l(lc_numeric_c.o)
    0x08004cec   0x0000002c   Code   RO         3650    locale$$code        c_w.l(lc_ctype_c.o)
    0x08004d18   0x0000002c   Code   RO         2942    t._ZN12SingletonPtrI13PlatformMutexEptEv  mbed.ar(FileBase.o)
    0x08004d44   0x00000036   Code   RO         3197    x$fpl$ffix          fz_ws.l(ffix.o)
    0x08004d7a   0x00000002   PAD
    0x08004d7c   0x00000102   Code   RO         3211    x$fpl$fmul          fz_ws.l(fmul.o)
    0x08004e7e   0x0000008c   Code   RO         3428    x$fpl$fnaninf       fz_ws.l(fnaninf.o)
    0x08004f0a   0x0000000a   Code   RO         3430    x$fpl$fretinf       fz_ws.l(fretinf.o)
    0x08004f14   0x00000004   Code   RO         3432    x$fpl$printf1       fz_ws.l(printf1.o)
    0x08004f18   0x00000004   Code   RO         3434    x$fpl$printf2       fz_ws.l(printf2.o)
    0x08004f1c   0x00000000   Code   RO         3440    x$fpl$usenofp       fz_ws.l(usenofp.o)
    0x08004f1c   0x00000048   Data   RO          546    .constdata          PeripheralPins.o
    0x08004f64   0x00000048   Data   RO          547    .constdata          PeripheralPins.o
    0x08004fac   0x00000034   Data   RO          809    .constdata          pinmap.o
    0x08004fe0   0x00000017   Data   RO          942    .constdata          retarget.o
    0x08004ff7   0x00000010   Data   RO         2662    .constdata          system_stm32f1xx.o
    0x08005007   0x00000008   Data   RO         2663    .constdata          system_stm32f1xx.o
    0x0800500f   0x00000001   PAD
    0x08005010   0x00000014   Data   RO         2838    .constdata          mbed.ar(mbed_us_ticker_api.o)
    0x08005024   0x00000008   Data   RO         2839    .constdata          mbed.ar(mbed_us_ticker_api.o)
    0x0800502c   0x00000008   Data   RO         3258    .constdata          c_w.l(_printf_wctomb.o)
    0x08005034   0x00000028   Data   RO         3287    .constdata          c_w.l(_printf_hex_int_ll_ptr.o)
    0x0800505c   0x00000011   Data   RO         3307    .constdata          c_w.l(__printf_flags_ss_wp.o)
    0x0800506d   0x00000026   Data   RO         3478    .constdata          c_w.l(_printf_fp_hex.o)
    0x08005093   0x00000001   PAD
    0x08005094   0x00000094   Data   RO         3586    .constdata          c_w.l(bigflt0.o)
    0x08005128   0x00000014   Data   RO         1005    .constdata__ZZN12SingletonPtrI13PlatformMutexE3getEvEs  retarget.o
    0x0800513c   0x0000004d   Data   RO         1006    .constdata__ZZN12SingletonPtrI13PlatformMutexE3getEvEs_0  retarget.o
    0x08005189   0x00000003   PAD
    0x0800518c   0x00000048   Data   RO          639    .conststring        gpio_api.o
    0x080051d4   0x00000055   Data   RO          810    .conststring        pinmap.o
    0x08005229   0x00000003   PAD
    0x0800522c   0x00000059   Data   RO         1069    .conststring        serial_api.o
    0x08005285   0x00000003   PAD
    0x08005288   0x00000063   Data   RO         2806    .conststring        mbed.ar(mbed_gpio.o)
    0x080052eb   0x00000001   PAD
    0x080052ec   0x00000043   Data   RO         2872    .conststring        mbed.ar(mbed_critical.o)
    0x0800532f   0x00000001   PAD
    0x08005330   0x00000020   Data   RO         3670    Region$$Table       anon$$obj.o
    0x08005350   0x0000001c   Data   RO         3610    locale$$data        c_w.l(lc_numeric_c.o)
    0x0800536c   0x00000110   Data   RO         3649    locale$$data        c_w.l(lc_ctype_c.o)
    0x0800547c   0x00000004   Data   RO            9    .init_array         main.o
    0x08005480   0x00000000   Data   RO         3079    .init_array         c_w.l(init_aeabi.o)


    Execution Region RW_IRAM1 (Base: 0x200000ec, Size: 0x00000364, Max: 0x00004f14, ABSOLUTE)

    Base Addr    Size         Type   Attr      Idx    E Section Name        Object

    0x200000ec   0x00000008   Data   RW          600    .data               can_api.o
    0x200000f4   0x00000004   Data   RW          688    .data               hal_tick_16b.o
    0x200000f8   0x00000008   Data   RW          945    .data               retarget.o
    0x20000100   0x00000008   Data   RW         1070    .data               serial_api.o
    0x20000108   0x00000004   Data   RW         1146    .data               stm32f1xx_hal.o
    0x2000010c   0x00000004   Data   RW         2664    .data               system_stm32f1xx.o
    0x20000110   0x00000014   Data   RW         2683    .data               us_ticker_16b.o
    0x20000124   0x00000008   Data   RW         2840    .data               mbed.ar(mbed_us_ticker_api.o)
    0x2000012c   0x00000008   Data   RW         2873    .data               mbed.ar(mbed_critical.o)
    0x20000134   0x0000000c   Data   RW         2929    .data               mbed.ar(FileBase.o)
    0x20000140   0x00000004   Data   RW         3050    .data               c_w.l(stdio_streams.o)
    0x20000144   0x00000004   Data   RW         3051    .data               c_w.l(stdio_streams.o)
    0x20000148   0x00000004   Data   RW         3052    .data               c_w.l(stdio_streams.o)
    0x2000014c   0x00000004   Data   RW         3526    .data               c_w.l(heapauxa.o)
    0x20000150   0x00000014   Zero   RW            8    .bss                main.o
    0x20000164   0x00000040   Zero   RW          597    .bss                can_api.o
    0x200001a4   0x00000040   Zero   RW          941    .bss                retarget.o
    0x200001e4   0x00000118   Zero   RW         1068    .bss                serial_api.o
    0x200002fc   0x0000003c   Zero   RW         2682    .bss                us_ticker_16b.o
    0x20000338   0x00000054   Zero   RW         3047    .bss                c_w.l(stdio_streams.o)
    0x2000038c   0x00000054   Zero   RW         3048    .bss                c_w.l(stdio_streams.o)
    0x200003e0   0x00000054   Zero   RW         3049    .bss                c_w.l(stdio_streams.o)
    0x20000434   0x00000004   Zero   RW         3217    .bss                c_w.l(rt_heap_descriptor.o)
    0x20000438   0x00000014   Zero   RW         3567    .bss                c_w.l(rt_locale.o)
    0x2000044c   0x00000004   Zero   RW         3577    .bss                c_w.l(rt_errno_addr.o)


==============================================================================

Image component sizes


      Code (inc. data)   RO Data    RW Data    ZI Data      Debug   Object Name

         0          0        144          0          0          0   PeripheralPins.o
       332         32          0          8         64        304   can_api.o
        52          6          0          0          0         84   cmsis_nvic.o
       154         30         72          0          0        244   gpio_api.o
       420         64          0          4          0        164   hal_tick_16b.o
       184         90          4          0         20       8719   main.o
       178         18          0          0          0        256   mbed_board.o
        14          0          0          0          0         80   mbed_overrides.o
       656        130        137          0          0        260   pinmap.o
       800         80        120          8         64        784   retarget.o
       542         92         89          8        280        312   serial_api.o
        36          8        236          0          0        228   startup_stm32f103xb.o
        88         16          0          4          0        360   stm32f1xx_hal.o
        36          6          0          0          0         68   stm32f1xx_hal_cortex.o
       476         20          0          0          0         92   stm32f1xx_hal_gpio.o
      2254        102          0          0          0        428   stm32f1xx_hal_rcc.o
       244         14          0          0          0        360   stm32f1xx_hal_tim.o
       532          4          0          0          0        232   stm32f1xx_hal_uart.o
        16          6          0          0          0         68   sys.o
       420         42         24          4          0        252   system_stm32f1xx.o
       340         74          0         20         60        444   us_ticker_16b.o

    ----------------------------------------------------------------------
      7788        834        868         56        488      13739   Object Totals
         0          0         32          0          0          0   (incl. Generated)
        14          0         10          0          0          0   (incl. Padding)

    ----------------------------------------------------------------------

      Code (inc. data)   RO Data    RW Data    ZI Data      Debug   Library Member Name

        60          8          0          0          0         84   __0sscanf.o
         8          0          0          0          0         68   __main.o
       392          4         17          0          0         92   __printf_flags_ss_wp.o
        14          0          0          0          0         68   __printf_wp.o
         0          0          0          0          0          0   __rtentry.o
        20          0          0          0          0          0   __rtentry2.o
         6          0          0          0          0          0   __rtentry4.o
        52          8          0          0          0          0   __scatter.o
        26          0          0          0          0          0   __scatter_copy.o
        28          0          0          0          0          0   __scatter_zi.o
        28          0          0          0          0         68   _chval.o
         6          0          0          0          0          0   _printf_a.o
         6          0          0          0          0          0   _printf_c.o
        44          0          0          0          0        108   _printf_char.o
        48          6          0          0          0         96   _printf_char_common.o
        40          0          0          0          0         68   _printf_charcount.o
         6          0          0          0          0          0   _printf_d.o
       120         16          0          0          0         92   _printf_dec.o
         6          0          0          0          0          0   _printf_e.o
         6          0          0          0          0          0   _printf_f.o
      1050          0          0          0          0        216   _printf_fp_dec.o
       764         10         38          0          0        100   _printf_fp_hex.o
       128         16          0          0          0         84   _printf_fp_infnan.o
         6          0          0          0          0          0   _printf_g.o
       148          4         40          0          0        160   _printf_hex_int_ll_ptr.o
         6          0          0          0          0          0   _printf_i.o
       178          0          0          0          0         88   _printf_intcommon.o
        10          0          0          0          0          0   _printf_l.o
         6          0          0          0          0          0   _printf_lc.o
        10          0          0          0          0          0   _printf_ll.o
         6          0          0          0          0          0   _printf_lld.o
         6          0          0          0          0          0   _printf_lli.o
         6          0          0          0          0          0   _printf_llo.o
         6          0          0          0          0          0   _printf_llu.o
         6          0          0          0          0          0   _printf_llx.o
       124         16          0          0          0         92   _printf_longlong_dec.o
         6          0          0          0          0          0   _printf_ls.o
         6          0          0          0          0          0   _printf_n.o
         6          0          0          0          0          0   _printf_o.o
       112          8          0          0          0        124   _printf_oct_int_ll.o
         6          0          0          0          0          0   _printf_p.o
        78          0          0          0          0        108   _printf_pad.o
         0          0          0          0          0          0   _printf_percent.o
         4          0          0          0          0          0   _printf_percent_end.o
         6          0          0          0          0          0   _printf_s.o
        82          0          0          0          0         80   _printf_str.o
        36          0          0          0          0         84   _printf_truncate.o
         6          0          0          0          0          0   _printf_u.o
        44          0          0          0          0        108   _printf_wchar.o
       188          6          8          0          0         92   _printf_wctomb.o
         6          0          0          0          0          0   _printf_x.o
       884          6          0          0          0        100   _scanf.o
       332          0          0          0          0         96   _scanf_int.o
        64          0          0          0          0         84   _sgetc.o
        10          0          0          0          0         68   _sputc.o
        64          0          0          0          0         92   _wcrtomb.o
       220          4        148          0          0         96   bigflt0.o
      1910        128          0          0          0        672   btod.o
        10          0          0          0          0         68   defsig_exit.o
        50          0          0          0          0         88   defsig_general.o
        80         58          0          0          0         76   defsig_rtmem_inner.o
        14          0          0          0          0         80   defsig_rtmem_outer.o
        52         38          0          0          0         76   defsig_rtred_inner.o
        14          0          0          0          0         80   defsig_rtred_outer.o
        76          0          0          0          0         88   fclose.o
       100          4          0          0          0        120   fflush.o
       236          4          0          0          0        128   fopen.o
       248          6          0          0          0         84   fseek.o
        66          0          0          0          0         76   ftell.o
        94          0          0          0          0         80   h1_alloc.o
        52          0          0          0          0         68   h1_extend.o
        78          0          0          0          0         80   h1_free.o
        14          0          0          0          0         84   h1_init.o
        80          6          0          4          0         96   heapauxa.o
         4          0          0          0          0        136   hguard.o
         0          0          0          0          0          0   indicate_semi.o
        36         10          0          0          0         80   init_aeabi.o
       138          0          0          0          0        168   init_alloc.o
       312         46          0          0          0        112   initio.o
        18          0          0          0          0         76   isspace.o
        44         10        272          0          0         76   lc_ctype_c.o
        44         10         28          0          0         76   lc_numeric_c.o
         2          0          0          0          0          0   libinit.o
        46          0          0          0          0          0   libinit2.o
         0          0          0          0          0          0   libshutdown2.o
       138          0          0          0          0         80   lludiv10.o
         0          0          0          0          0          0   maybetermalloc1.o
        16          4          0          0          0         76   rt_ctype_table.o
         8          4          0          0          4         68   rt_errno_addr.o
         8          4          0          0          4         68   rt_heap_descriptor.o
         8          4          0          0         20         68   rt_locale.o
        78          0          0          0          0         80   rt_memclr_w.o
       100          0          0          0          0         80   rt_memcpy_w.o
        44          8          0          0          0         84   scanf_char.o
        70          0          0          0          0         80   setvbuf.o
       240          6          0          0          0        156   stdio.o
         0          0          0         12        252          0   stdio_streams.o
       128          0          0          0          0         68   strcmpv7m.o
        62          0          0          0          0         76   strlen.o
       150          0          0          0          0         80   strncmp.o
        12          4          0          0          0         68   sys_exit.o
        14          0          0          0          0         76   sys_wrch.o
         2          0          0          0          0         68   use_no_semi.o
        36          4          0          0          0         76   vsprintf.o
        54          4          0          0          0         84   ffix.o
       258          4          0          0          0         84   fmul.o
       140          4          0          0          0         84   fnaninf.o
        10          0          0          0          0         68   fretinf.o
         4          0          0          0          0         68   printf1.o
         4          0          0          0          0         68   printf2.o
         0          0          0          0          0          0   usenofp.o
        40          0          0          0          0         68   fpclassify.o
       156         26          0         12          0        224   FileBase.o
       154          0          0          0          0        440   FilePath.o
        84         52          0          0          0         88   mbed_assert.o
       228         98         67          8          0        156   mbed_critical.o
        18          0          0          0          0         80   mbed_error.o
       184         40         99          0          0        180   mbed_gpio.o
       248         76          0          0          0        240   mbed_pinmap_common.o
        78          0          0          0          0         88   mbed_ticker_api.o
        12          6         28          8          0         68   mbed_us_ticker_api.o
        64          4          0          0          0        160   mbed_wait_api_no_rtos.o

    ----------------------------------------------------------------------
     12228        784        748         44        280       8984   Library Totals
        24          0          3          0          0          0   (incl. Padding)

    ----------------------------------------------------------------------

      Code (inc. data)   RO Data    RW Data    ZI Data      Debug   Library Name

     10468        470        551         16        280       6736   c_w.l
       470         12          0          0          0        456   fz_ws.l
        40          0          0          0          0         68   m_ws.l
      1226        302        194         28          0       1724   mbed.ar

    ----------------------------------------------------------------------
     12228        784        748         44        280       8984   Library Totals

    ----------------------------------------------------------------------

==============================================================================


      Code (inc. data)   RO Data    RW Data    ZI Data      Debug   

     20016       1618       1616        100        768      14451   Grand Totals
     20016       1618       1616        100        768      14451   ELF Image Totals
     20016       1618       1616        100          0          0   ROM Totals

==============================================================================

    Total RO  Size (Code + RO Data)                21632 (  21.13kB)
    Total RW  Size (RW Data + ZI Data)               868 (   0.85kB)
    Total ROM Size (Code + RO Data + RW Data)      21732 (  21.22kB)

==============================================================================

